Component: ARM Compiler 5.06 update 4 (build 422) Tool: armlink [4d35d2]

==============================================================================

Section Cross References

    main.o(i.assert_nrf_callback) refers to app_error.o(i.app_error_handler) for app_error_handler
    main.o(i.blinky_timeout_handler) refers to main.o(i.nrf_gpio_pin_toggle) for nrf_gpio_pin_toggle
    main.o(i.main) refers to main.o(i.nrf_gpio_cfg_output) for nrf_gpio_cfg_output
    main.o(i.main) refers to uart_config_task.o(i.UartConfigTaskInit) for UartConfigTaskInit
    main.o(i.main) refers to main.o(i.timers_init) for timers_init
    main.o(i.main) refers to app_uart_fifo.o(i.app_uart_init) for app_uart_init
    main.o(i.main) refers to app_error.o(i.app_error_handler_bare) for app_error_handler_bare
    main.o(i.main) refers to mx25l.o(i.MX25L_Init) for MX25L_Init
    main.o(i.main) refers to app_timer.o(i.app_timer_start) for app_timer_start
    main.o(i.main) refers to uart_config_task.o(i.UartConfigTask) for UartConfigTask
    main.o(i.main) refers to system_config.o(i.ResetMcuTask) for ResetMcuTask
    main.o(i.main) refers to main.o(.constdata) for .constdata
    main.o(i.main) refers to main.o(.bss) for .bss
    main.o(i.main) refers to main.o(i.uart_event_handle) for uart_event_handle
    main.o(i.rtc_timeout_handler) refers to main.o(i.nrf_gpio_pin_toggle) for nrf_gpio_pin_toggle
    main.o(i.system_tick_timeout_handler) refers to sys_tick.o(i.SysTick_Task) for SysTick_Task
    main.o(i.system_tick_timeout_handler) refers to main.o(i.nrf_gpio_pin_toggle) for nrf_gpio_pin_toggle
    main.o(i.timers_init) refers to app_timer.o(i.app_timer_init) for app_timer_init
    main.o(i.timers_init) refers to app_error.o(i.app_error_handler_bare) for app_error_handler_bare
    main.o(i.timers_init) refers to app_timer.o(i.app_timer_create) for app_timer_create
    main.o(i.timers_init) refers to main.o(.bss) for .bss
    main.o(i.timers_init) refers to main.o(i.blinky_timeout_handler) for blinky_timeout_handler
    main.o(i.timers_init) refers to main.o(.constdata) for .constdata
    main.o(i.timers_init) refers to main.o(i.system_tick_timeout_handler) for system_tick_timeout_handler
    main.o(i.timers_init) refers to main.o(i.rtc_timeout_handler) for rtc_timeout_handler
    main.o(i.uart_event_handle) refers to nrf_drv_uart.o(i.nrf_drv_uart_uninit) for nrf_drv_uart_uninit
    main.o(i.uart_event_handle) refers to app_uart_fifo.o(i.app_uart_init) for app_uart_init
    main.o(i.uart_event_handle) refers to app_error.o(i.app_error_handler_bare) for app_error_handler_bare
    main.o(i.uart_event_handle) refers to main.o(.bss) for .bss
    main.o(.constdata) refers to main.o(.bss) for m_blinky_timer_id_data
    main.o(.constdata) refers to main.o(.bss) for m_system_tick_timer_id_data
    main.o(.constdata) refers to main.o(.bss) for m_rtc_timer_id_data
    mx25l.o(i.MX25L_DeInit) refers to nrf_spi.o(i.spiDeInit) for spiDeInit
    mx25l.o(i.MX25L_Init) refers to nrf_spi.o(i.spiInit) for spiInit
    mx25l.o(i.MX25L__DeepPowerDown) refers to mx25l.o(i.SST25__Status) for SST25__Status
    mx25l.o(i.MX25L__DeepPowerDown) refers to mx25l.o(i.nrf_gpio_pin_clear) for nrf_gpio_pin_clear
    mx25l.o(i.MX25L__DeepPowerDown) refers to nrf_spi.o(i.halSpiWriteByte) for halSpiWriteByte
    mx25l.o(i.MX25L__DeepPowerDown) refers to mx25l.o(i.nrf_gpio_pin_set) for nrf_gpio_pin_set
    mx25l.o(i.SST25_Erase) refers to mx25l.o(i.SST25__WriteEnable) for SST25__WriteEnable
    mx25l.o(i.SST25_Erase) refers to mx25l.o(i.nrf_gpio_pin_clear) for nrf_gpio_pin_clear
    mx25l.o(i.SST25_Erase) refers to nrf_spi.o(i.halSpiWriteByte) for halSpiWriteByte
    mx25l.o(i.SST25_Erase) refers to mx25l.o(i.nrf_gpio_pin_set) for nrf_gpio_pin_set
    mx25l.o(i.SST25_Read) refers to mx25l.o(i.SST25__Status) for SST25__Status
    mx25l.o(i.SST25_Read) refers to mx25l.o(i.nrf_gpio_pin_clear) for nrf_gpio_pin_clear
    mx25l.o(i.SST25_Read) refers to nrf_spi.o(i.halSpiWriteByte) for halSpiWriteByte
    mx25l.o(i.SST25_Read) refers to mx25l.o(i.nrf_gpio_pin_set) for nrf_gpio_pin_set
    mx25l.o(i.SST25_Write) refers to mx25l.o(i.SST25_Erase) for SST25_Erase
    mx25l.o(i.SST25_Write) refers to mx25l.o(i._SST25_Write) for _SST25_Write
    mx25l.o(i.SST25__Status) refers to mx25l.o(i.nrf_gpio_pin_clear) for nrf_gpio_pin_clear
    mx25l.o(i.SST25__Status) refers to nrf_spi.o(i.halSpiWriteByte) for halSpiWriteByte
    mx25l.o(i.SST25__Status) refers to mx25l.o(i.nrf_gpio_pin_set) for nrf_gpio_pin_set
    mx25l.o(i.SST25__WriteEnable) refers to mx25l.o(i.SST25__Status) for SST25__Status
    mx25l.o(i.SST25__WriteEnable) refers to mx25l.o(i.nrf_gpio_pin_clear) for nrf_gpio_pin_clear
    mx25l.o(i.SST25__WriteEnable) refers to nrf_spi.o(i.halSpiWriteByte) for halSpiWriteByte
    mx25l.o(i.SST25__WriteEnable) refers to mx25l.o(i.nrf_gpio_pin_set) for nrf_gpio_pin_set
    mx25l.o(i._SST25_Write) refers to mx25l.o(i.SST25__WriteEnable) for SST25__WriteEnable
[...]
    softdevice_handler.o(i.softdevice_enable_get_default_config) refers to memseta.o(.text) for __aeabi_memclr4
    softdevice_handler.o(i.softdevice_fault_handler) refers to app_error_weak.o(i.app_error_fault_handler) for app_error_fault_handler
    softdevice_handler.o(i.softdevice_handler_init) refers to nrf_log.o(i.log_rtt_init) for log_rtt_init
    softdevice_handler.o(i.softdevice_handler_init) refers to softdevice_handler.o(i.sd_nvic_EnableIRQ) for sd_nvic_EnableIRQ
    softdevice_handler.o(i.softdevice_handler_init) refers to softdevice_handler.o(.data) for .data
    softdevice_handler.o(i.softdevice_handler_init) refers to softdevice_handler.o(i.softdevice_fault_handler) for softdevice_fault_handler
    softdevice_handler.o(i.softdevice_handler_isEnabled) refers to softdevice_handler.o(.data) for .data
    softdevice_handler.o(i.softdevice_handler_sd_disable) refers to softdevice_handler.o(.data) for .data
    softdevice_handler.o(i.softdevice_sys_evt_handler_set) refers to softdevice_handler.o(.data) for .data
    arm_startup_nrf51.o(RESET) refers to arm_startup_nrf51.o(STACK) for __initial_sp
    arm_startup_nrf51.o(RESET) refers to arm_startup_nrf51.o(.text) for Reset_Handler
    arm_startup_nrf51.o(RESET) refers to nrf_drv_uart.o(i.UART0_IRQHandler) for UART0_IRQHandler
    arm_startup_nrf51.o(RESET) refers to nrf_drv_gpiote.o(i.GPIOTE_IRQHandler) for GPIOTE_IRQHandler
    arm_startup_nrf51.o(RESET) refers to app_timer.o(i.RTC1_IRQHandler) for RTC1_IRQHandler
    arm_startup_nrf51.o(RESET) refers to app_timer.o(i.SWI0_IRQHandler) for SWI0_IRQHandler
    arm_startup_nrf51.o(RESET) refers to softdevice_handler.o(i.SWI2_IRQHandler) for SWI2_IRQHandler
    arm_startup_nrf51.o(.text) refers to system_nrf51.o(i.SystemInit) for SystemInit
    arm_startup_nrf51.o(.text) refers to entry.o(.ARM.Collect$$$$00000000) for __main
    system_nrf51.o(i.SystemCoreClockUpdate) refers to system_nrf51.o(.data) for .data
    system_nrf51.o(i.SystemInit) refers to system_nrf51.o(i.is_manual_peripheral_setup_needed) for is_manual_peripheral_setup_needed
    entry.o(.ARM.Collect$$$$00000000) refers (Special) to entry10a.o(.ARM.Collect$$$$0000000D) for __rt_final_cpp
    entry.o(.ARM.Collect$$$$00000000) refers (Special) to entry11a.o(.ARM.Collect$$$$0000000F) for __rt_final_exit
    entry.o(.ARM.Collect$$$$00000000) refers (Special) to entry7b.o(.ARM.Collect$$$$00000008) for _main_clock
    entry.o(.ARM.Collect$$$$00000000) refers (Special) to entry8b.o(.ARM.Collect$$$$0000000A) for _main_cpp_init
    entry.o(.ARM.Collect$$$$00000000) refers (Special) to entry9a.o(.ARM.Collect$$$$0000000B) for _main_init
    entry.o(.ARM.Collect$$$$00000000) refers (Special) to entry5.o(.ARM.Collect$$$$00000004) for _main_scatterload
    entry.o(.ARM.Collect$$$$00000000) refers (Special) to entry2.o(.ARM.Collect$$$$00000001) for _main_stk
    fputc.o(i.fputc) refers (Special) to iusesemip.o(.text) for __I$use$semihosting$fputc
    fputc.o(i.fputc) refers (Special) to semi.o(.text) for __semihosting_library_function
    idiv.o(.text) refers to uidiv.o(.text) for __aeabi_uidivmod
    entry2.o(.ARM.Collect$$$$00000001) refers to entry2.o(.ARM.Collect$$$$00002712) for __lit__00000000
    entry2.o(.ARM.Collect$$$$00002712) refers to arm_startup_nrf51.o(STACK) for __initial_sp
    entry2.o(__vectab_stack_and_reset_area) refers to arm_startup_nrf51.o(STACK) for __initial_sp
    entry2.o(__vectab_stack_and_reset_area) refers to entry.o(.ARM.Collect$$$$00000000) for __main
    entry5.o(.ARM.Collect$$$$00000004) refers to init.o(.text) for __scatterload
    entry9a.o(.ARM.Collect$$$$0000000B) refers to main.o(i.main) for main
    entry9b.o(.ARM.Collect$$$$0000000C) refers to main.o(i.main) for main
    init.o(.text) refers to entry5.o(.ARM.Collect$$$$00000004) for __main_after_scatterload
    nrf_log.o(i.log_rtt_write_string) refers to segger_rtt.o(i.SEGGER_RTT_WriteString) for SEGGER_RTT_WriteString
    nrf_log.o(i.log_rtt_has_input) refers to segger_rtt.o(i.SEGGER_RTT_HasKey) for SEGGER_RTT_HasKey


==============================================================================

Removing Unused input sections from the image.

    Removing main.o(.rev16_text), (4 bytes).
    Removing main.o(.revsh_text), (4 bytes).
    Removing main.o(i.assert_nrf_callback), (20 bytes).
    Removing mx25l.o(.rev16_text), (4 bytes).
    Removing mx25l.o(.revsh_text), (4 bytes).
    Removing mx25l.o(i.MX25L_DeInit), (10 bytes).
    Removing mx25l.o(i.MX25L__DeepPowerDown), (60 bytes).
    Removing nrf_spi.o(.rev16_text), (4 bytes).
    Removing nrf_spi.o(.revsh_text), (4 bytes).
    Removing nrf_spi.o(i.spiDeInit), (2 bytes).
    Removing app_config_task.o(.rev16_text), (4 bytes).
    Removing app_config_task.o(.revsh_text), (4 bytes).
    Removing app_config_task.o(i.LoadFirmwareFile), (104 bytes).
    Removing app_config_task.o(.data), (4 bytes).
    Removing ringbuf.o(i.RINGBUF_GetFill), (28 bytes).
    Removing ringbuf.o(i.RINGBUF_Put), (38 bytes).
    Removing sys_tick.o(i.SysTick_DeInit), (2 bytes).
    Removing sys_tick.o(i.SysTick_DelayMs), (20 bytes).
    Removing sys_tick.o(i.SysTick_Get), (12 bytes).
    Removing sys_tick.o(i.SysTick_Get64), (12 bytes).
    Removing sys_tick.o(i.SysTick_Init), (2 bytes).
    Removing sys_tick.o(i.TimerDelayms), (28 bytes).
    Removing uart_config_task.o(.rev16_text), (4 bytes).
    Removing uart_config_task.o(.revsh_text), (4 bytes).
    Removing uart_config_task.o(.data), (4 bytes).
    Removing system_config.o(.rev16_text), (4 bytes).
    Removing system_config.o(.revsh_text), (4 bytes).
    Removing bsp.o(.rev16_text), (4 bytes).
    Removing bsp.o(.revsh_text), (4 bytes).
    Removing bsp.o(i.alert_timer_handler), (24 bytes).
    Removing bsp.o(i.bsp_button_event_handler), (160 bytes).
    Removing bsp.o(i.bsp_button_is_pressed), (44 bytes).
    Removing bsp.o(i.bsp_buttons_disable), (8 bytes).
    Removing bsp.o(i.bsp_buttons_enable), (8 bytes).
    Removing bsp.o(i.bsp_buttons_state_get), (60 bytes).
    Removing bsp.o(i.bsp_event_to_button_action_assign), (72 bytes).
    Removing bsp.o(i.bsp_indication_set), (28 bytes).
    Removing bsp.o(i.bsp_indication_text_set), (8 bytes).
    Removing bsp.o(i.bsp_init), (160 bytes).
    Removing bsp.o(i.bsp_led_indication), (504 bytes).
    Removing bsp.o(i.bsp_wakeup_buttons_set), (60 bytes).
    Removing bsp.o(i.button_timer_handler), (12 bytes).
    Removing bsp.o(i.leds_timer_handler), (24 bytes).
    Removing bsp.o(.bss), (32 bytes).
    Removing bsp.o(.bss), (32 bytes).
    Removing bsp.o(.bss), (12 bytes).
    Removing bsp.o(.bss), (32 bytes).
    Removing bsp.o(.constdata), (60 bytes).
    Removing bsp.o(.data), (24 bytes).
    Removing bsp_btn_ble.o(.rev16_text), (4 bytes).
    Removing bsp_btn_ble.o(.revsh_text), (4 bytes).
    Removing bsp_btn_ble.o(i.advertising_buttons_configure), (60 bytes).
    Removing bsp_btn_ble.o(i.bsp_btn_ble_init), (84 bytes).
    Removing bsp_btn_ble.o(i.bsp_btn_ble_on_ble_evt), (120 bytes).
    Removing bsp_btn_ble.o(i.bsp_btn_ble_sleep_mode_prepare), (20 bytes).
    Removing bsp_btn_ble.o(.data), (8 bytes).
    Removing ble_advdata.o(.rev16_text), (4 bytes).
    Removing ble_advdata.o(.revsh_text), (4 bytes).
    Removing ble_advdata.o(i.adv_data_encode), (534 bytes).
    Removing ble_advdata.o(i.ble_advdata_set), (104 bytes).
    Removing ble_advdata.o(i.ble_device_addr_encode), (94 bytes).
    Removing ble_advdata.o(i.conn_int_encode), (136 bytes).
    Removing ble_advdata.o(i.le_role_encode), (84 bytes).
    Removing ble_advdata.o(i.manuf_specific_data_encode), (104 bytes).
    Removing ble_advdata.o(i.name_encode), (158 bytes).
    Removing ble_advdata.o(i.service_data_encode), (142 bytes).
    Removing ble_advdata.o(i.uint16_encode), (10 bytes).
    Removing ble_advdata.o(i.uuid_list_encode), (48 bytes).
    Removing ble_advdata.o(i.uuid_list_sized_encode), (174 bytes).
    Removing ble_advertising.o(.rev16_text), (4 bytes).
    Removing ble_advertising.o(.revsh_text), (4 bytes).
    Removing ble_advertising.o(i.ble_advertising_init), (292 bytes).
    Removing ble_advertising.o(i.ble_advertising_on_ble_evt), (124 bytes).
    Removing ble_advertising.o(i.ble_advertising_on_sys_evt), (48 bytes).
    Removing ble_advertising.o(i.ble_advertising_peer_addr_reply), (48 bytes).
    Removing ble_advertising.o(i.ble_advertising_peer_address_clear), (16 bytes).
    Removing ble_advertising.o(i.ble_advertising_restart_without_whitelist), (88 bytes).
    Removing ble_advertising.o(i.ble_advertising_start), (492 bytes).
    Removing ble_advertising.o(i.ble_advertising_whitelist_reply), (84 bytes).
    Removing ble_advertising.o(i.peer_address_exists), (22 bytes).
    Removing ble_advertising.o(i.whitelist_has_entries), (16 bytes).
    Removing ble_advertising.o(.bss), (259 bytes).
    Removing ble_advertising.o(.data), (31 bytes).
    Removing ble_conn_params.o(.rev16_text), (4 bytes).
    Removing ble_conn_params.o(.revsh_text), (4 bytes).
    Removing ble_conn_params.o(i.ble_conn_params_change_conn_params), (80 bytes).
    Removing ble_conn_params.o(i.ble_conn_params_init), (84 bytes).
    Removing ble_conn_params.o(i.ble_conn_params_on_ble_evt), (144 bytes).
    Removing ble_conn_params.o(i.ble_conn_params_stop), (16 bytes).
    Removing ble_conn_params.o(i.conn_params_negotiation), (104 bytes).
    Removing ble_conn_params.o(i.is_conn_params_ok), (28 bytes).
    Removing ble_conn_params.o(i.update_timeout_handler), (100 bytes).
    Removing ble_conn_params.o(.bss), (32 bytes).
    Removing ble_conn_params.o(.bss), (28 bytes).
    Removing ble_conn_params.o(.constdata), (4 bytes).
    Removing ble_conn_params.o(.data), (20 bytes).
    Removing ble_nus.o(.rev16_text), (4 bytes).
    Removing ble_nus.o(.revsh_text), (4 bytes).
    Removing ble_nus.o(i.ble_nus_init), (104 bytes).
    Removing ble_nus.o(i.ble_nus_on_ble_evt), (88 bytes).
    Removing ble_nus.o(i.ble_nus_string_send), (84 bytes).
    Removing ble_nus.o(i.rx_char_add), (158 bytes).
    Removing ble_nus.o(i.tx_char_add), (128 bytes).
    Removing ble_nus.o(.constdata), (16 bytes).
    Removing ble_srv_common.o(.rev16_text), (4 bytes).
    Removing ble_srv_common.o(.revsh_text), (4 bytes).
    Removing ble_srv_common.o(i.ble_srv_ascii_to_utf8), (18 bytes).
    Removing ble_srv_common.o(i.ble_srv_report_ref_encode), (12 bytes).
    Removing ble_srv_common.o(i.characteristic_add), (400 bytes).
    Removing ble_srv_common.o(i.descriptor_add), (176 bytes).
    Removing ble_srv_common.o(i.set_security_req), (46 bytes).
    Removing app_uart_fifo.o(.rev16_text), (4 bytes).
    Removing app_uart_fifo.o(.revsh_text), (4 bytes).
    Removing app_uart_fifo.o(i.app_uart_close), (10 bytes).
    Removing app_uart_fifo.o(i.app_uart_flush), (28 bytes).
    Removing nrf_delay.o(.rev16_text), (4 bytes).
    Removing nrf_delay.o(.revsh_text), (4 bytes).
    Removing nrf_delay.o(.emb_text), (30 bytes).
    Removing nrf_delay.o(i.nrf_delay_ms), (28 bytes).
    Removing nrf_drv_common.o(.rev16_text), (4 bytes).
    Removing nrf_drv_common.o(.revsh_text), (4 bytes).
    Removing nrf_drv_gpiote.o(.rev16_text), (4 bytes).
    Removing nrf_drv_gpiote.o(.revsh_text), (4 bytes).
    Removing nrf_drv_gpiote.o(i.channel_free), (28 bytes).
    Removing nrf_drv_gpiote.o(i.channel_port_alloc), (72 bytes).
    Removing nrf_drv_gpiote.o(i.nrf_drv_gpiote_in_event_addr_get), (24 bytes).
    Removing nrf_drv_gpiote.o(i.nrf_drv_gpiote_in_event_disable), (72 bytes).
    Removing nrf_drv_gpiote.o(i.nrf_drv_gpiote_in_event_enable), (160 bytes).
    Removing nrf_drv_gpiote.o(i.nrf_drv_gpiote_in_init), (164 bytes).
    Removing nrf_drv_gpiote.o(i.nrf_drv_gpiote_in_is_set), (20 bytes).
    Removing nrf_drv_gpiote.o(i.nrf_drv_gpiote_in_uninit), (76 bytes).
    Removing nrf_drv_gpiote.o(i.nrf_drv_gpiote_init), (84 bytes).
    Removing nrf_drv_gpiote.o(i.nrf_drv_gpiote_is_init), (16 bytes).
    Removing nrf_drv_gpiote.o(i.nrf_drv_gpiote_out_clear), (16 bytes).
    Removing nrf_drv_gpiote.o(i.nrf_drv_gpiote_out_init), (152 bytes).
    Removing nrf_drv_gpiote.o(i.nrf_drv_gpiote_out_set), (16 bytes).
    Removing nrf_drv_gpiote.o(i.nrf_drv_gpiote_out_task_addr_get), (20 bytes).
    Removing nrf_drv_gpiote.o(i.nrf_drv_gpiote_out_task_disable), (32 bytes).
    Removing nrf_drv_gpiote.o(i.nrf_drv_gpiote_out_task_enable), (48 bytes).
    Removing nrf_drv_gpiote.o(i.nrf_drv_gpiote_out_task_force), (44 bytes).
    Removing nrf_drv_gpiote.o(i.nrf_drv_gpiote_out_task_trigger), (24 bytes).
    Removing nrf_drv_gpiote.o(i.nrf_drv_gpiote_out_toggle), (24 bytes).
    Removing nrf_drv_gpiote.o(i.nrf_drv_gpiote_out_uninit), (68 bytes).
    Removing nrf_drv_gpiote.o(i.nrf_drv_gpiote_uninit), (56 bytes).
    Removing nrf_drv_gpiote.o(i.nrf_gpio_cfg), (36 bytes).
    Removing nrf_drv_gpiote.o(i.nrf_gpio_cfg_default), (18 bytes).
    Removing nrf_drv_gpiote.o(i.pin_in_use_by_port), (24 bytes).
    Removing nrf_drv_gpiote.o(i.pin_in_use_by_te), (24 bytes).
    Removing nrf_drv_uart.o(.rev16_text), (4 bytes).
    Removing nrf_drv_uart.o(.revsh_text), (4 bytes).
    Removing nrf_drv_uart.o(i.nrf_drv_uart_errorsrc_get), (28 bytes).
    Removing nrf_drv_uart.o(i.nrf_drv_uart_rx_abort), (24 bytes).
    Removing nrf_drv_uart.o(i.nrf_drv_uart_rx_disable), (24 bytes).
    Removing nrf_drv_uart.o(i.nrf_drv_uart_tx_abort), (44 bytes).
    Removing pstorage.o(i.app_notify), (44 bytes).
    Removing pstorage.o(i.app_notify_error_state_transit), (32 bytes).
    Removing pstorage.o(i.clear_operation_execute), (260 bytes).
    Removing pstorage.o(i.clear_post_processing_run), (36 bytes).
    Removing pstorage.o(i.cmd_process), (56 bytes).
    Removing pstorage.o(i.cmd_queue_element_init), (32 bytes).
    Removing pstorage.o(i.cmd_queue_enqueue), (76 bytes).
    Removing pstorage.o(i.command_end_procedure_run), (60 bytes).
    Removing pstorage.o(i.data_page_erase_state_run), (84 bytes).
    Removing pstorage.o(i.data_to_swap_write_state_run), (40 bytes).
    Removing pstorage.o(i.flash_api_err_code_process), (32 bytes).
    Removing pstorage.o(i.flash_operation_success_run), (128 bytes).
    Removing pstorage.o(i.flash_page_erase), (10 bytes).
    Removing pstorage.o(i.flash_write), (10 bytes).
    Removing pstorage.o(i.head_restore_state_run), (120 bytes).
    Removing pstorage.o(i.is_page_erase_required), (68 bytes).
    Removing pstorage.o(i.is_word_aligned), (12 bytes).
    Removing pstorage.o(i.main_state_err_busy_process), (24 bytes).
    Removing pstorage.o(i.pstorage_access_status_get), (40 bytes).
    Removing pstorage.o(i.pstorage_block_identifier_get), (84 bytes).
    Removing pstorage.o(i.pstorage_clear), (164 bytes).
    Removing pstorage.o(i.pstorage_flash_page_end), (36 bytes).
    Removing pstorage.o(i.pstorage_flash_page_size), (10 bytes).
    Removing pstorage.o(i.pstorage_init), (76 bytes).
    Removing pstorage.o(i.pstorage_load), (168 bytes).
    Removing pstorage.o(i.pstorage_register), (188 bytes).
    Removing pstorage.o(i.pstorage_store), (144 bytes).
    Removing pstorage.o(i.pstorage_sys_event_handler), (76 bytes).
    Removing pstorage.o(i.pstorage_update), (144 bytes).
    Removing pstorage.o(i.sm_state_change), (72 bytes).
    Removing pstorage.o(i.state_data_erase_swap_entry_run), (100 bytes).
    Removing pstorage.o(i.state_erase_data_page_entry_run), (16 bytes).
    Removing pstorage.o(i.state_restore_head_entry_run), (40 bytes).
    Removing pstorage.o(i.state_restore_tail_entry_run), (76 bytes).
    Removing pstorage.o(i.state_swap_erase_entry_run), (32 bytes).
    Removing pstorage.o(i.state_write_data_swap_entry_run), (48 bytes).
    Removing pstorage.o(i.store_cmd_flash_write_execute), (92 bytes).
    Removing pstorage.o(i.swap_erase_state_run), (28 bytes).
    Removing pstorage.o(i.swap_sub_state_err_busy_process), (24 bytes).
    Removing pstorage.o(i.swap_sub_state_state_change), (20 bytes).
    Removing pstorage.o(i.tail_restore_state_run), (28 bytes).
    Removing pstorage.o(.bss), (216 bytes).
    Removing pstorage.o(.constdata), (40 bytes).
    Removing pstorage.o(.data), (36 bytes).
    Removing app_button.o(.rev16_text), (4 bytes).
    Removing app_button.o(.revsh_text), (4 bytes).
    Removing app_button.o(i.app_button_disable), (44 bytes).
    Removing app_button.o(i.app_button_enable), (36 bytes).
    Removing app_button.o(i.app_button_init), (116 bytes).
    Removing app_button.o(i.app_button_is_pushed), (44 bytes).
    Removing app_button.o(i.detection_delay_timeout_handler), (96 bytes).
    Removing app_button.o(i.gpiote_event_handler), (80 bytes).
    Removing app_button.o(.bss), (32 bytes).
    Removing app_button.o(.constdata), (8 bytes).
    Removing app_button.o(.data), (20 bytes).
    Removing app_error_weak.o(.rev16_text), (4 bytes).
    Removing app_error_weak.o(.revsh_text), (4 bytes).
    Removing app_fifo.o(.rev16_text), (4 bytes).
    Removing app_fifo.o(.revsh_text), (4 bytes).
    Removing app_fifo.o(i.app_fifo_flush), (8 bytes).
    Removing app_fifo.o(i.app_fifo_peek), (34 bytes).
    Removing app_fifo.o(i.app_fifo_read), (72 bytes).
    Removing app_fifo.o(i.app_fifo_write), (78 bytes).
    Removing app_timer.o(.rev16_text), (4 bytes).
    Removing app_timer.o(.revsh_text), (4 bytes).
    Removing app_timer.o(i.app_timer_cnt_diff_compute), (12 bytes).
    Removing app_timer.o(i.app_timer_cnt_get), (16 bytes).
    Removing app_timer.o(i.app_timer_stop), (84 bytes).
    Removing app_timer.o(i.app_timer_stop_all), (68 bytes).
    Removing app_util_platform.o(.rev16_text), (4 bytes).
    Removing app_util_platform.o(.revsh_text), (4 bytes).
    Removing app_util_platform.o(i.app_util_critical_region_enter), (60 bytes).
    Removing app_util_platform.o(i.app_util_critical_region_exit), (44 bytes).
    Removing app_util_platform.o(i.app_util_disable_irq), (16 bytes).
    Removing app_util_platform.o(i.app_util_enable_irq), (20 bytes).
    Removing app_util_platform.o(.data), (4 bytes).
    Removing fstorage.o(.rev16_text), (4 bytes).
    Removing fstorage.o(.revsh_text), (4 bytes).
    Removing fstorage.o(i.check_config), (32 bytes).
    Removing fstorage.o(i.fs_erase), (120 bytes).
    Removing fstorage.o(i.fs_init), (132 bytes).
    Removing fstorage.o(i.fs_queued_op_count_get), (24 bytes).
    Removing fstorage.o(i.fs_store), (128 bytes).
    Removing fstorage.o(i.fs_sys_event_handler), (104 bytes).
    Removing fstorage.o(i.on_operation_success), (84 bytes).
    Removing fstorage.o(i.queue_advance), (44 bytes).
    Removing fstorage.o(i.queue_get_next_free), (56 bytes).
    Removing fstorage.o(i.queue_process), (108 bytes).
    Removing fstorage.o(i.queue_start), (28 bytes).
    Removing fstorage.o(i.send_event), (66 bytes).
    Removing fstorage.o(.bss), (88 bytes).
    Removing fstorage.o(.data), (2 bytes).
    Removing nrf_assert.o(.rev16_text), (4 bytes).
    Removing nrf_assert.o(.revsh_text), (4 bytes).
    Removing nrf_log.o(.rev16_text), (4 bytes).
    Removing nrf_log.o(.revsh_text), (4 bytes).
    Removing nrf_log.o(i.log_hex), (64 bytes).
    Removing nrf_log.o(i.log_hex_char), (56 bytes).
    Removing nrf_log.o(i.log_rtt_init), (88 bytes).
    Removing nrf_log.o(i.log_rtt_read_input), (24 bytes).
    Removing nrf_log.o(i.log_rtt_write_hex), (66 bytes).
    Removing nrf_log.o(i.log_rtt_write_hex_char), (58 bytes).
    Removing nrf_log.o(.bss), (1051 bytes).
    Removing nrf_log.o(.data), (4 bytes).
    Removing app_error.o(.rev16_text), (4 bytes).
    Removing app_error.o(.revsh_text), (4 bytes).
    Removing app_error.o(i.app_error_handler), (72 bytes).
    Removing app_error.o(i.app_error_save_and_stop), (100 bytes).
    Removing app_error.o(.bss), (32 bytes).
    Removing rtt_syscalls_keil.o(i._sys_close), (4 bytes).
    Removing rtt_syscalls_keil.o(i._sys_command_string), (2 bytes).
    Removing rtt_syscalls_keil.o(i._sys_ensure), (6 bytes).
    Removing rtt_syscalls_keil.o(i._sys_exit), (2 bytes).
    Removing rtt_syscalls_keil.o(i._sys_flen), (4 bytes).
    Removing rtt_syscalls_keil.o(i._sys_istty), (16 bytes).
    Removing rtt_syscalls_keil.o(i._sys_open), (52 bytes).
    Removing rtt_syscalls_keil.o(i._sys_read), (4 bytes).
    Removing rtt_syscalls_keil.o(i._sys_seek), (4 bytes).
    Removing rtt_syscalls_keil.o(i._sys_tmpnam), (4 bytes).
    Removing rtt_syscalls_keil.o(i._sys_write), (28 bytes).
    Removing rtt_syscalls_keil.o(i._ttywrch), (20 bytes).
    Removing rtt_syscalls_keil.o(.constdata), (6 bytes).
    Removing rtt_syscalls_keil.o(.constdata), (14 bytes).
    Removing segger_rtt.o(i.SEGGER_RTT_ConfigDownBuffer), (76 bytes).
    Removing segger_rtt.o(i.SEGGER_RTT_ConfigUpBuffer), (76 bytes).
    Removing segger_rtt.o(i.SEGGER_RTT_GetKey), (28 bytes).
    Removing segger_rtt.o(i.SEGGER_RTT_HasData), (20 bytes).
    Removing segger_rtt.o(i.SEGGER_RTT_HasKey), (36 bytes).
    Removing segger_rtt.o(i.SEGGER_RTT_Init), (20 bytes).
    Removing segger_rtt.o(i.SEGGER_RTT_Read), (8 bytes).
    Removing segger_rtt.o(i.SEGGER_RTT_ReadNoLock), (128 bytes).
    Removing segger_rtt.o(i.SEGGER_RTT_SetNameDownBuffer), (48 bytes).
    Removing segger_rtt.o(i.SEGGER_RTT_SetNameUpBuffer), (48 bytes).
    Removing segger_rtt.o(i.SEGGER_RTT_SetTerminal), (104 bytes).
    Removing segger_rtt.o(i.SEGGER_RTT_TerminalOut), (148 bytes).
    Removing segger_rtt.o(i.SEGGER_RTT_WaitKey), (12 bytes).
    Removing segger_rtt.o(i.SEGGER_RTT_WriteSkipNoLock), (108 bytes).
    Removing segger_rtt.o(i.SEGGER_RTT_WriteString), (24 bytes).
    Removing segger_rtt.o(i._PostTerminalSwitch), (32 bytes).
    Removing segger_rtt.o(.data), (17 bytes).
    Removing segger_rtt_printf.o(i.SEGGER_RTT_printf), (24 bytes).
    Removing softdevice_handler.o(.rev16_text), (4 bytes).
    Removing softdevice_handler.o(.revsh_text), (4 bytes).
    Removing softdevice_handler.o(i.ram_end_address_get), (16 bytes).
    Removing softdevice_handler.o(i.sd_check_ram_start), (140 bytes).
    Removing softdevice_handler.o(i.sd_nvic_EnableIRQ), (140 bytes).
    Removing softdevice_handler.o(i.softdevice_ble_evt_handler_set), (20 bytes).
    Removing softdevice_handler.o(i.softdevice_enable), (256 bytes).
    Removing softdevice_handler.o(i.softdevice_enable_get_default_config), (40 bytes).
    Removing softdevice_handler.o(i.softdevice_fault_handler), (8 bytes).
    Removing softdevice_handler.o(i.softdevice_handler_init), (68 bytes).
    Removing softdevice_handler.o(i.softdevice_handler_isEnabled), (12 bytes).
    Removing softdevice_handler.o(i.softdevice_handler_sd_disable), (24 bytes).
    Removing softdevice_handler.o(i.softdevice_sys_evt_handler_set), (20 bytes).
    Removing arm_startup_nrf51.o(HEAP), (2048 bytes).
    Removing system_nrf51.o(.rev16_text), (4 bytes).
    Removing system_nrf51.o(.revsh_text), (4 bytes).
    Removing system_nrf51.o(i.SystemCoreClockUpdate), (16 bytes).
    Removing nrf_log.o(i.log_rtt_write_string), (36 bytes).
    Removing nrf_log.o(i.log_rtt_has_input), (8 bytes).

314 unused section(s) (total 19466 bytes) removed from the image.

==============================================================================

Image Symbol Table

    Local Symbols

    Symbol Name                              Value     Ov Type        Size  Object(Section)

    ../clib/microlib/division.c              0x00000000   Number         0  idiv.o ABSOLUTE
    ../clib/microlib/division.c              0x00000000   Number         0  uidiv.o ABSOLUTE
    ../clib/microlib/init/entry.s            0x00000000   Number         0  entry11a.o ABSOLUTE
    ../clib/microlib/init/entry.s            0x00000000   Number         0  entry2.o ABSOLUTE
    ../clib/microlib/init/entry.s            0x00000000   Number         0  entry10a.o ABSOLUTE
    ../clib/microlib/init/entry.s            0x00000000   Number         0  entry9b.o ABSOLUTE
    ../clib/microlib/init/entry.s            0x00000000   Number         0  entry9a.o ABSOLUTE
    ../clib/microlib/init/entry.s            0x00000000   Number         0  entry8a.o ABSOLUTE
    ../clib/microlib/init/entry.s            0x00000000   Number         0  entry7b.o ABSOLUTE
    ../clib/microlib/init/entry.s            0x00000000   Number         0  entry7a.o ABSOLUTE
    ../clib/microlib/init/entry.s            0x00000000   Number         0  entry.o ABSOLUTE
    ../clib/microlib/init/entry.s            0x00000000   Number         0  entry8b.o ABSOLUTE
    ../clib/microlib/init/entry.s            0x00000000   Number         0  entry5.o ABSOLUTE
    ../clib/microlib/init/entry.s            0x00000000   Number         0  entry11b.o ABSOLUTE
    ../clib/microlib/init/entry.s            0x00000000   Number         0  entry10b.o ABSOLUTE
    ../clib/microlib/stdio/fflush.c          0x00000000   Number         0  fflush.o ABSOLUTE
    ../clib/microlib/stdio/fputc.c           0x00000000   Number         0  fputc.o ABSOLUTE
    ../clib/microlib/stdio/semi.s            0x00000000   Number         0  semi.o ABSOLUTE
    ../clib/microlib/stdio/streams.c         0x00000000   Number         0  stdout.o ABSOLUTE
    ../clib/microlib/string/memcpy.c         0x00000000   Number         0  memcpyb.o ABSOLUTE
    ../clib/microlib/string/memcpy.c         0x00000000   Number         0  memcpya.o ABSOLUTE
    ../clib/microlib/string/memset.c         0x00000000   Number         0  memseta.o ABSOLUTE
    ../clib/microlib/string/strcmp.c         0x00000000   Number         0  strcmp.o ABSOLUTE
    ../clib/microlib/string/strcpy.c         0x00000000   Number         0  strcpy.o ABSOLUTE
    ../clib/microlib/string/strlen.c         0x00000000   Number         0  strlen.o ABSOLUTE
    ../clib/microlib/stubs.s                 0x00000000   Number         0  iusesemip.o ABSOLUTE
    ..\..\..\..\..\..\components\ble\ble_advertising\ble_advertising.c 0x00000000   Number         0  ble_advertising.o ABSOLUTE
    ..\..\..\..\..\..\components\ble\ble_services\ble_nus\ble_nus.c 0x00000000   Number         0  ble_nus.o ABSOLUTE
    ..\..\..\..\..\..\components\ble\common\ble_advdata.c 0x00000000   Number         0  ble_advdata.o ABSOLUTE
    ..\..\..\..\..\..\components\ble\common\ble_conn_params.c 0x00000000   Number         0  ble_conn_params.o ABSOLUTE
    ..\..\..\..\..\..\components\ble\common\ble_srv_common.c 0x00000000   Number         0  ble_srv_common.o ABSOLUTE
    ..\..\..\..\..\..\components\drivers_nrf\common\nrf_drv_common.c 0x00000000   Number         0  nrf_drv_common.o ABSOLUTE
    ..\..\..\..\..\..\components\drivers_nrf\delay\nrf_delay.c 0x00000000   Number         0  nrf_delay.o ABSOLUTE
    ..\..\..\..\..\..\components\drivers_nrf\gpiote\nrf_drv_gpiote.c 0x00000000   Number         0  nrf_drv_gpiote.o ABSOLUTE
    ..\..\..\..\..\..\components\drivers_nrf\pstorage\pstorage.c 0x00000000   Number         0  pstorage.o ABSOLUTE
    ..\..\..\..\..\..\components\drivers_nrf\uart\nrf_drv_uart.c 0x00000000   Number         0  nrf_drv_uart.o ABSOLUTE
    ..\..\..\..\..\..\components\libraries\button\app_button.c 0x00000000   Number         0  app_button.o ABSOLUTE
    ..\..\..\..\..\..\components\libraries\fifo\app_fifo.c 0x00000000   Number         0  app_fifo.o ABSOLUTE
    ..\..\..\..\..\..\components\libraries\fstorage\fstorage.c 0x00000000   Number         0  fstorage.o ABSOLUTE
    ..\..\..\..\..\..\components\libraries\timer\app_timer.c 0x00000000   Number         0  app_timer.o ABSOLUTE
    ..\..\..\..\..\..\components\libraries\uart\app_uart_fifo.c 0x00000000   Number         0  app_uart_fifo.o ABSOLUTE
    ..\..\..\..\..\..\components\libraries\uart\retarget.c 0x00000000   Number         0  retarget.o ABSOLUTE
    ..\..\..\..\..\..\components\libraries\util\app_error.c 0x00000000   Number         0  app_error.o ABSOLUTE
    ..\..\..\..\..\..\components\libraries\util\app_error_weak.c 0x00000000   Number         0  app_error_weak.o ABSOLUTE
    ..\..\..\..\..\..\components\libraries\util\app_util_platform.c 0x00000000   Number         0  app_util_platform.o ABSOLUTE
    ..\..\..\..\..\..\components\libraries\util\nrf_assert.c 0x00000000   Number         0  nrf_assert.o ABSOLUTE
    ..\..\..\..\..\..\components\libraries\util\nrf_log.c 0x00000000   Number         0  nrf_log.o ABSOLUTE
    ..\..\..\..\..\..\components\softdevice\common\softdevice_handler\softdevice_handler.c 0x00000000   Number         0  softdevice_handler.o ABSOLUTE
    ..\..\..\..\..\..\external\segger_rtt\RTT_Syscalls_KEIL.c 0x00000000   Number         0  rtt_syscalls_keil.o ABSOLUTE
    ..\..\..\..\..\..\external\segger_rtt\SEGGER_RTT.c 0x00000000   Number         0  segger_rtt.o ABSOLUTE
    ..\..\..\..\..\..\external\segger_rtt\SEGGER_RTT_printf.c 0x00000000   Number         0  segger_rtt_printf.o ABSOLUTE
    ..\..\..\..\..\bsp\bsp.c                 0x00000000   Number         0  bsp.o ABSOLUTE
    ..\..\..\..\..\bsp\bsp_btn_ble.c         0x00000000   Number         0  bsp_btn_ble.o ABSOLUTE
    ..\..\..\app_config_task.c               0x00000000   Number         0  app_config_task.o ABSOLUTE
    ..\..\..\main.c                          0x00000000   Number         0  main.o ABSOLUTE
    ..\..\..\mx25l.c                         0x00000000   Number         0  mx25l.o ABSOLUTE
    ..\..\..\nrf_spi.c                       0x00000000   Number         0  nrf_spi.o ABSOLUTE
    ..\..\..\ringbuf.c                       0x00000000   Number         0  ringbuf.o ABSOLUTE
    ..\..\..\sys_tick.c                      0x00000000   Number         0  sys_tick.o ABSOLUTE
    ..\..\..\system_config.c                 0x00000000   Number         0  system_config.o ABSOLUTE
    ..\..\..\uart_config_task.c              0x00000000   Number         0  uart_config_task.o ABSOLUTE
    ..\\..\\..\\..\\..\\..\\components\\ble\\ble_advertising\\ble_advertising.c 0x00000000   Number         0  ble_advertising.o ABSOLUTE
    ..\\..\\..\\..\\..\\..\\components\\ble\\ble_services\\ble_nus\\ble_nus.c 0x00000000   Number         0  ble_nus.o ABSOLUTE
    ..\\..\\..\\..\\..\\..\\components\\ble\\common\\ble_advdata.c 0x00000000   Number         0  ble_advdata.o ABSOLUTE
    ..\\..\\..\\..\\..\\..\\components\\ble\\common\\ble_conn_params.c 0x00000000   Number         0  ble_conn_params.o ABSOLUTE
    ..\\..\\..\\..\\..\\..\\components\\ble\\common\\ble_srv_common.c 0x00000000   Number         0  ble_srv_common.o ABSOLUTE
    ..\\..\\..\\..\\..\\..\\components\\drivers_nrf\\common\\nrf_drv_common.c 0x00000000   Number         0  nrf_drv_common.o ABSOLUTE
    ..\\..\\..\\..\\..\\..\\components\\drivers_nrf\\delay\\nrf_delay.c 0x00000000   Number         0  nrf_delay.o ABSOLUTE
    ..\\..\\..\\..\\..\\..\\components\\drivers_nrf\\gpiote\\nrf_drv_gpiote.c 0x00000000   Number         0  nrf_drv_gpiote.o ABSOLUTE
    ..\\..\\..\\..\\..\\..\\components\\drivers_nrf\\uart\\nrf_drv_uart.c 0x00000000   Number         0  nrf_drv_uart.o ABSOLUTE
    ..\\..\\..\\..\\..\\..\\components\\libraries\\button\\app_button.c 0x00000000   Number         0  app_button.o ABSOLUTE
    ..\\..\\..\\..\\..\\..\\components\\libraries\\fifo\\app_fifo.c 0x00000000   Number         0  app_fifo.o ABSOLUTE
    ..\\..\\..\\..\\..\\..\\components\\libraries\\fstorage\\fstorage.c 0x00000000   Number         0  fstorage.o ABSOLUTE
    ..\\..\\..\\..\\..\\..\\components\\libraries\\timer\\app_timer.c 0x00000000   Number         0  app_timer.o ABSOLUTE
    ..\\..\\..\\..\\..\\..\\components\\libraries\\uart\\app_uart_fifo.c 0x00000000   Number         0  app_uart_fifo.o ABSOLUTE
    ..\\..\\..\\..\\..\\..\\components\\libraries\\util\\app_error.c 0x00000000   Number         0  app_error.o ABSOLUTE
    ..\\..\\..\\..\\..\\..\\components\\libraries\\util\\app_error_weak.c 0x00000000   Number         0  app_error_weak.o ABSOLUTE
    ..\\..\\..\\..\\..\\..\\components\\libraries\\util\\app_util_platform.c 0x00000000   Number         0  app_util_platform.o ABSOLUTE
    ..\\..\\..\\..\\..\\..\\components\\libraries\\util\\nrf_assert.c 0x00000000   Number         0  nrf_assert.o ABSOLUTE
    ..\\..\\..\\..\\..\\..\\components\\libraries\\util\\nrf_log.c 0x00000000   Number         0  nrf_log.o ABSOLUTE
    ..\\..\\..\\..\\..\\..\\components\\softdevice\\common\\softdevice_handler\\softdevice_handler.c 0x00000000   Number         0  softdevice_handler.o ABSOLUTE
    ..\\..\\..\\..\\..\\bsp\\bsp.c           0x00000000   Number         0  bsp.o ABSOLUTE
    ..\\..\\..\\..\\..\\bsp\\bsp_btn_ble.c   0x00000000   Number         0  bsp_btn_ble.o ABSOLUTE
    ..\\..\\..\\app_config_task.c            0x00000000   Number         0  app_config_task.o ABSOLUTE
    ..\\..\\..\\main.c                       0x00000000   Number         0  main.o ABSOLUTE
    ..\\..\\..\\mx25l.c                      0x00000000   Number         0  mx25l.o ABSOLUTE
    ..\\..\\..\\nrf_spi.c                    0x00000000   Number         0  nrf_spi.o ABSOLUTE
    ..\\..\\..\\system_config.c              0x00000000   Number         0  system_config.o ABSOLUTE
    ..\\..\\..\\uart_config_task.c           0x00000000   Number         0  uart_config_task.o ABSOLUTE
    RTE\Device\nRF51422_xxAC\arm_startup_nrf51.s 0x00000000   Number         0  arm_startup_nrf51.o ABSOLUTE
    RTE\Device\nRF51422_xxAC\system_nrf51.c  0x00000000   Number         0  system_nrf51.o ABSOLUTE
    RTE\\Device\\nRF51422_xxAC\\system_nrf51.c 0x00000000   Number         0  system_nrf51.o ABSOLUTE
    dc.s                                     0x00000000   Number         0  dc.o ABSOLUTE
    handlers.s                               0x00000000   Number         0  handlers.o ABSOLUTE
    init.s                                   0x00000000   Number         0  init.o ABSOLUTE
    RESET                                    0x0001b000   Section      192  arm_startup_nrf51.o(RESET)
    .ARM.Collect$$$$00000000                 0x0001b0c0   Section        0  entry.o(.ARM.Collect$$$$00000000)
    .ARM.Collect$$$$00000001                 0x0001b0c0   Section        4  entry2.o(.ARM.Collect$$$$00000001)
    .ARM.Collect$$$$00000004                 0x0001b0c4   Section        4  entry5.o(.ARM.Collect$$$$00000004)
    .ARM.Collect$$$$00000008                 0x0001b0c8   Section        0  entry7b.o(.ARM.Collect$$$$00000008)
    .ARM.Collect$$$$0000000A                 0x0001b0c8   Section        0  entry8b.o(.ARM.Collect$$$$0000000A)
    .ARM.Collect$$$$0000000B                 0x0001b0c8   Section        8  entry9a.o(.ARM.Collect$$$$0000000B)
    .ARM.Collect$$$$0000000D                 0x0001b0d0   Section        0  entry10a.o(.ARM.Collect$$$$0000000D)
    .ARM.Collect$$$$0000000F                 0x0001b0d0   Section        0  entry11a.o(.ARM.Collect$$$$0000000F)
    .ARM.Collect$$$$00002712                 0x0001b0d0   Section        4  entry2.o(.ARM.Collect$$$$00002712)
    __lit__00000000                          0x0001b0d0   Data           4  entry2.o(.ARM.Collect$$$$00002712)
    .emb_text                                0x0001b0d4   Section       30  app_timer.o(.emb_text)
    .text                                    0x0001b0f4   Section       56  arm_startup_nrf51.o(.text)
    .text                                    0x0001b12c   Section        0  uidiv.o(.text)
    .text                                    0x0001b158   Section        0  idiv.o(.text)
    .text                                    0x0001b180   Section        0  memcpya.o(.text)
    .text                                    0x0001b1a4   Section        0  strcpy.o(.text)
    .text                                    0x0001b1b8   Section       36  init.o(.text)
    i.AppConfigTaskInit                      0x0001b1dc   Section        0  app_config_task.o(i.AppConfigTaskInit)
    i.CfgCalcCheckSum                        0x0001b1fc   Section        0  app_config_task.o(i.CfgCalcCheckSum)
    i.CfgParserPacket                        0x0001b214   Section        0  app_config_task.o(i.CfgParserPacket)
    i.CfgProcessData                         0x0001b2a4   Section        0  app_config_task.o(i.CfgProcessData)
    i.CfgUARTSendData                        0x0001b6b8   Section        0  uart_config_task.o(i.CfgUARTSendData)
    i.CheckTimeout                           0x0001b6fc   Section        0  sys_tick.o(i.CheckTimeout)
    i.GPIOTE_IRQHandler                      0x0001b72c   Section        0  nrf_drv_gpiote.o(i.GPIOTE_IRQHandler)
    i.InitTimeout                            0x0001b880   Section        0  sys_tick.o(i.InitTimeout)
    i.MX25L_Init                             0x0001b894   Section        0  mx25l.o(i.MX25L_Init)
    i.NVIC_SetPriority                       0x0001b8a0   Section        0  app_timer.o(i.NVIC_SetPriority)
    NVIC_SetPriority                         0x0001b8a1   Thumb Code    60  app_timer.o(i.NVIC_SetPriority)
    i.NVIC_SystemReset                       0x0001b8e4   Section        0  system_config.o(i.NVIC_SystemReset)
    NVIC_SystemReset                         0x0001b8e5   Thumb Code    18  system_config.o(i.NVIC_SystemReset)
    i.RINGBUF_Get                            0x0001b900   Section        0  ringbuf.o(i.RINGBUF_Get)
    i.RINGBUF_Init                           0x0001b92c   Section        0  ringbuf.o(i.RINGBUF_Init)
    i.RTC1_IRQHandler                        0x0001b94c   Section        0  app_timer.o(i.RTC1_IRQHandler)
    i.ResetMcuSet                            0x0001b96c   Section        0  system_config.o(i.ResetMcuSet)
    i.ResetMcuTask                           0x0001b978   Section        0  system_config.o(i.ResetMcuTask)
    i.SEGGER_RTT_Write                       0x0001b9bc   Section        0  segger_rtt.o(i.SEGGER_RTT_Write)
    i.SEGGER_RTT_WriteNoLock                 0x0001b9e0   Section        0  segger_rtt.o(i.SEGGER_RTT_WriteNoLock)
    i.SEGGER_RTT_vprintf                     0x0001ba3c   Section        0  segger_rtt_printf.o(i.SEGGER_RTT_vprintf)
    i.SST25_Erase                            0x0001bbd0   Section        0  mx25l.o(i.SST25_Erase)
    i.SST25_Read                             0x0001bc2c   Section        0  mx25l.o(i.SST25_Read)
    i.SST25_Write                            0x0001bc98   Section        0  mx25l.o(i.SST25_Write)
    i.SST25__Status                          0x0001bcea   Section        0  mx25l.o(i.SST25__Status)
    SST25__Status                            0x0001bceb   Thumb Code    36  mx25l.o(i.SST25__Status)
    i.SST25__WriteEnable                     0x0001bd10   Section        0  mx25l.o(i.SST25__WriteEnable)
    SST25__WriteEnable                       0x0001bd11   Thumb Code    66  mx25l.o(i.SST25__WriteEnable)
    i.SWI0_IRQHandler                        0x0001bd58   Section        0  app_timer.o(i.SWI0_IRQHandler)
    i.SWI2_IRQHandler                        0x0001bd60   Section        0  softdevice_handler.o(i.SWI2_IRQHandler)
    i.SysTick_Task                           0x0001bd80   Section        0  sys_tick.o(i.SysTick_Task)
    i.SystemInit                             0x0001bdb4   Section        0  system_nrf51.o(i.SystemInit)
    i.UART0_IRQHandler                       0x0001be54   Section        0  nrf_drv_uart.o(i.UART0_IRQHandler)
    i.UartConfigTask                         0x0001be5c   Section        0  uart_config_task.o(i.UartConfigTask)
    i.UartConfigTaskInit                     0x0001beb8   Section        0  uart_config_task.o(i.UartConfigTaskInit)
    i._DoInit                                0x0001bee0   Section        0  segger_rtt.o(i._DoInit)
    _DoInit                                  0x0001bee1   Thumb Code    74  segger_rtt.o(i._DoInit)
    i._GetAvailWriteSpace                    0x0001bf4c   Section        0  segger_rtt.o(i._GetAvailWriteSpace)
    _GetAvailWriteSpace                      0x0001bf4d   Thumb Code    22  segger_rtt.o(i._GetAvailWriteSpace)
    i._PrintInt                              0x0001bf62   Section        0  segger_rtt_printf.o(i._PrintInt)
    _PrintInt                                0x0001bf63   Thumb Code   200  segger_rtt_printf.o(i._PrintInt)
    i._PrintUnsigned                         0x0001c02c   Section        0  segger_rtt_printf.o(i._PrintUnsigned)
    _PrintUnsigned                           0x0001c02d   Thumb Code   210  segger_rtt_printf.o(i._PrintUnsigned)
    i._SST25_Write                           0x0001c104   Section        0  mx25l.o(i._SST25_Write)
    i._StoreChar                             0x0001c17c   Section        0  segger_rtt_printf.o(i._StoreChar)
    _StoreChar                               0x0001c17d   Thumb Code    62  segger_rtt_printf.o(i._StoreChar)
    i._WriteBlocking                         0x0001c1ba   Section        0  segger_rtt.o(i._WriteBlocking)
    _WriteBlocking                           0x0001c1bb   Thumb Code    96  segger_rtt.o(i._WriteBlocking)
    i._WriteNoCheck                          0x0001c21a   Section        0  segger_rtt.o(i._WriteNoCheck)
    _WriteNoCheck                            0x0001c21b   Thumb Code    60  segger_rtt.o(i._WriteNoCheck)
    i.__ARM_common_switch8                   0x0001c256   Section        0  app_config_task.o(i.__ARM_common_switch8)
    i.__scatterload_copy                     0x0001c270   Section       14  handlers.o(i.__scatterload_copy)
    i.__scatterload_null                     0x0001c27e   Section        2  handlers.o(i.__scatterload_null)
    i.__scatterload_zeroinit                 0x0001c280   Section       14  handlers.o(i.__scatterload_zeroinit)
    i.app_error_fault_handler                0x0001c290   Section        0  app_error_weak.o(i.app_error_fault_handler)
    i.app_error_handler_bare                 0x0001c2ac   Section        0  app_error.o(i.app_error_handler_bare)
    i.app_fifo_get                           0x0001c2c4   Section        0  app_fifo.o(i.app_fifo_get)
    i.app_fifo_init                          0x0001c2da   Section        0  app_fifo.o(i.app_fifo_init)
    i.app_fifo_put                           0x0001c2fe   Section        0  app_fifo.o(i.app_fifo_put)
    i.app_timer_create                       0x0001c318   Section        0  app_timer.o(i.app_timer_create)
    i.app_timer_init                         0x0001c344   Section        0  app_timer.o(i.app_timer_init)
    i.app_timer_start                        0x0001c3d4   Section        0  app_timer.o(i.app_timer_start)
    i.app_uart_get                           0x0001c450   Section        0  app_uart_fifo.o(i.app_uart_get)
    i.app_uart_init                          0x0001c484   Section        0  app_uart_fifo.o(i.app_uart_init)
    i.app_uart_put                           0x0001c524   Section        0  app_uart_fifo.o(i.app_uart_put)
    i.blinky_timeout_handler                 0x0001c55c   Section        0  main.o(i.blinky_timeout_handler)
    blinky_timeout_handler                   0x0001c55d   Thumb Code    10  main.o(i.blinky_timeout_handler)
    i.channel_port_get                       0x0001c568   Section        0  nrf_drv_gpiote.o(i.channel_port_get)
    channel_port_get                         0x0001c569   Thumb Code    10  nrf_drv_gpiote.o(i.channel_port_get)
    i.compare_reg_update                     0x0001c578   Section        0  app_timer.o(i.compare_reg_update)
    compare_reg_update                       0x0001c579   Thumb Code   142  app_timer.o(i.compare_reg_update)
    i.elapsed_ticks_acquire                  0x0001c620   Section        0  app_timer.o(i.elapsed_ticks_acquire)
    elapsed_ticks_acquire                    0x0001c621   Thumb Code    58  app_timer.o(i.elapsed_ticks_acquire)
    i.fifo_get                               0x0001c660   Section        0  app_fifo.o(i.fifo_get)
    fifo_get                                 0x0001c661   Thumb Code    20  app_fifo.o(i.fifo_get)
    i.fifo_put                               0x0001c674   Section        0  app_fifo.o(i.fifo_put)
    fifo_put                                 0x0001c675   Thumb Code    18  app_fifo.o(i.fifo_put)
    i.halSpiWriteByte                        0x0001c688   Section        0  nrf_spi.o(i.halSpiWriteByte)
    i.intern_softdevice_events_execute       0x0001c6f0   Section        0  softdevice_handler.o(i.intern_softdevice_events_execute)
    i.is_manual_peripheral_setup_needed      0x0001c768   Section        0  system_nrf51.o(i.is_manual_peripheral_setup_needed)
    is_manual_peripheral_setup_needed        0x0001c769   Thumb Code    66  system_nrf51.o(i.is_manual_peripheral_setup_needed)
    i.list_deletions_handler                 0x0001c7b0   Section        0  app_timer.o(i.list_deletions_handler)
    list_deletions_handler                   0x0001c7b1   Thumb Code   180  app_timer.o(i.list_deletions_handler)
    i.list_insertions_handler                0x0001c86c   Section        0  app_timer.o(i.list_insertions_handler)
    list_insertions_handler                  0x0001c86d   Thumb Code   202  app_timer.o(i.list_insertions_handler)
    i.log_rtt_printf                         0x0001c940   Section        0  nrf_log.o(i.log_rtt_printf)
    i.main                                   0x0001c958   Section        0  main.o(i.main)
    i.nrf_drv_common_irq_enable              0x0001ca00   Section        0  nrf_drv_common.o(i.nrf_drv_common_irq_enable)
    i.nrf_drv_uart_init                      0x0001ca60   Section        0  nrf_drv_uart.o(i.nrf_drv_uart_init)
    i.nrf_drv_uart_rx                        0x0001cb28   Section        0  nrf_drv_uart.o(i.nrf_drv_uart_rx)
    i.nrf_drv_uart_rx_enable                 0x0001cb74   Section        0  nrf_drv_uart.o(i.nrf_drv_uart_rx_enable)
    i.nrf_drv_uart_rx_for_uart               0x0001cb8c   Section        0  nrf_drv_uart.o(i.nrf_drv_uart_rx_for_uart)
    nrf_drv_uart_rx_for_uart                 0x0001cb8d   Thumb Code   144  nrf_drv_uart.o(i.nrf_drv_uart_rx_for_uart)
    i.nrf_drv_uart_tx                        0x0001cc28   Section        0  nrf_drv_uart.o(i.nrf_drv_uart_tx)
    i.nrf_drv_uart_tx_for_uart               0x0001cc4c   Section        0  nrf_drv_uart.o(i.nrf_drv_uart_tx_for_uart)
    nrf_drv_uart_tx_for_uart                 0x0001cc4d   Thumb Code   108  nrf_drv_uart.o(i.nrf_drv_uart_tx_for_uart)
    i.nrf_drv_uart_tx_in_progress            0x0001ccc0   Section        0  nrf_drv_uart.o(i.nrf_drv_uart_tx_in_progress)
    i.nrf_drv_uart_uninit                    0x0001ccd0   Section        0  nrf_drv_uart.o(i.nrf_drv_uart_uninit)
    i.nrf_gpio_cfg                           0x0001cd3c   Section        0  nrf_spi.o(i.nrf_gpio_cfg)
    nrf_gpio_cfg                             0x0001cd3d   Thumb Code    32  nrf_spi.o(i.nrf_gpio_cfg)
    i.nrf_gpio_cfg                           0x0001cd60   Section        0  nrf_drv_uart.o(i.nrf_gpio_cfg)
    nrf_gpio_cfg                             0x0001cd61   Thumb Code    32  nrf_drv_uart.o(i.nrf_gpio_cfg)
    i.nrf_gpio_cfg_default                   0x0001cd84   Section        0  nrf_drv_uart.o(i.nrf_gpio_cfg_default)
    nrf_gpio_cfg_default                     0x0001cd85   Thumb Code    18  nrf_drv_uart.o(i.nrf_gpio_cfg_default)
    i.nrf_gpio_cfg_input                     0x0001cd96   Section        0  nrf_spi.o(i.nrf_gpio_cfg_input)
    nrf_gpio_cfg_input                       0x0001cd97   Thumb Code    18  nrf_spi.o(i.nrf_gpio_cfg_input)
    i.nrf_gpio_cfg_input                     0x0001cda8   Section        0  nrf_drv_uart.o(i.nrf_gpio_cfg_input)
    nrf_gpio_cfg_input                       0x0001cda9   Thumb Code    18  nrf_drv_uart.o(i.nrf_gpio_cfg_input)
    i.nrf_gpio_cfg_output                    0x0001cdbc   Section        0  main.o(i.nrf_gpio_cfg_output)
    nrf_gpio_cfg_output                      0x0001cdbd   Thumb Code    12  main.o(i.nrf_gpio_cfg_output)
    i.nrf_gpio_cfg_output                    0x0001cdcc   Section        0  nrf_spi.o(i.nrf_gpio_cfg_output)
    nrf_gpio_cfg_output                      0x0001cdcd   Thumb Code    20  nrf_spi.o(i.nrf_gpio_cfg_output)
    i.nrf_gpio_cfg_output                    0x0001cde0   Section        0  nrf_drv_uart.o(i.nrf_gpio_cfg_output)
    nrf_gpio_cfg_output                      0x0001cde1   Thumb Code    20  nrf_drv_uart.o(i.nrf_gpio_cfg_output)
    i.nrf_gpio_cfg_sense_set                 0x0001cdf4   Section        0  nrf_drv_gpiote.o(i.nrf_gpio_cfg_sense_set)
    nrf_gpio_cfg_sense_set                   0x0001cdf5   Thumb Code    26  nrf_drv_gpiote.o(i.nrf_gpio_cfg_sense_set)
    i.nrf_gpio_pin_clear                     0x0001ce14   Section        0  mx25l.o(i.nrf_gpio_pin_clear)
    nrf_gpio_pin_clear                       0x0001ce15   Thumb Code    10  mx25l.o(i.nrf_gpio_pin_clear)
    i.nrf_gpio_pin_set                       0x0001ce24   Section        0  mx25l.o(i.nrf_gpio_pin_set)
    nrf_gpio_pin_set                         0x0001ce25   Thumb Code    10  mx25l.o(i.nrf_gpio_pin_set)
    i.nrf_gpio_pin_set                       0x0001ce34   Section        0  nrf_spi.o(i.nrf_gpio_pin_set)
    nrf_gpio_pin_set                         0x0001ce35   Thumb Code    10  nrf_spi.o(i.nrf_gpio_pin_set)
    i.nrf_gpio_pin_toggle                    0x0001ce44   Section        0  main.o(i.nrf_gpio_pin_toggle)
    nrf_gpio_pin_toggle                      0x0001ce45   Thumb Code    20  main.o(i.nrf_gpio_pin_toggle)
    i.nrf_gpiote_event_is_set                0x0001ce5c   Section        0  nrf_drv_gpiote.o(i.nrf_gpiote_event_is_set)
    nrf_gpiote_event_is_set                  0x0001ce5d   Thumb Code    14  nrf_drv_gpiote.o(i.nrf_gpiote_event_is_set)
    i.nrf_uart_event_check                   0x0001ce70   Section        0  nrf_drv_uart.o(i.nrf_uart_event_check)
    nrf_uart_event_check                     0x0001ce71   Thumb Code    10  nrf_drv_uart.o(i.nrf_uart_event_check)
    i.nrf_uart_int_enable_check              0x0001ce7a   Section        0  nrf_drv_uart.o(i.nrf_uart_int_enable_check)
    nrf_uart_int_enable_check                0x0001ce7b   Thumb Code    16  nrf_drv_uart.o(i.nrf_uart_int_enable_check)
    i.rtc1_stop                              0x0001ce8c   Section        0  app_timer.o(i.rtc1_stop)
    rtc1_stop                                0x0001ce8d   Thumb Code    50  app_timer.o(i.rtc1_stop)
    i.rtc_timeout_handler                    0x0001ced0   Section        0  main.o(i.rtc_timeout_handler)
    rtc_timeout_handler                      0x0001ced1   Thumb Code    10  main.o(i.rtc_timeout_handler)
    i.rx_byte                                0x0001cedc   Section        0  nrf_drv_uart.o(i.rx_byte)
    rx_byte                                  0x0001cedd   Thumb Code    42  nrf_drv_uart.o(i.rx_byte)
    i.rx_done_event                          0x0001cf14   Section        0  nrf_drv_uart.o(i.rx_done_event)
    rx_done_event                            0x0001cf15   Thumb Code    22  nrf_drv_uart.o(i.rx_done_event)
    i.rx_enable                              0x0001cf30   Section        0  nrf_drv_uart.o(i.rx_enable)
    rx_enable                                0x0001cf31   Thumb Code    22  nrf_drv_uart.o(i.rx_enable)
    i.spiInit                                0x0001cf4c   Section        0  nrf_spi.o(i.spiInit)
    i.system_tick_timeout_handler            0x0001d004   Section        0  main.o(i.system_tick_timeout_handler)
    system_tick_timeout_handler              0x0001d005   Thumb Code    16  main.o(i.system_tick_timeout_handler)
    i.timer_list_handler                     0x0001d014   Section        0  app_timer.o(i.timer_list_handler)
    timer_list_handler                       0x0001d015   Thumb Code   128  app_timer.o(i.timer_list_handler)
    i.timer_list_handler_sched               0x0001d098   Section        0  app_timer.o(i.timer_list_handler_sched)
    timer_list_handler_sched                 0x0001d099   Thumb Code    10  app_timer.o(i.timer_list_handler_sched)
    i.timer_list_insert                      0x0001d0a8   Section        0  app_timer.o(i.timer_list_insert)
    timer_list_insert                        0x0001d0a9   Thumb Code    60  app_timer.o(i.timer_list_insert)
    i.timer_timeouts_check                   0x0001d0e8   Section        0  app_timer.o(i.timer_timeouts_check)
    timer_timeouts_check                     0x0001d0e9   Thumb Code   118  app_timer.o(i.timer_timeouts_check)
    i.timers_init                            0x0001d168   Section        0  main.o(i.timers_init)
    timers_init                              0x0001d169   Thumb Code    82  main.o(i.timers_init)
    i.tx_byte                                0x0001d1d0   Section        0  nrf_drv_uart.o(i.tx_byte)
    tx_byte                                  0x0001d1d1   Thumb Code    30  nrf_drv_uart.o(i.tx_byte)
    i.tx_done_event                          0x0001d1fc   Section        0  nrf_drv_uart.o(i.tx_done_event)
    tx_done_event                            0x0001d1fd   Thumb Code    26  nrf_drv_uart.o(i.tx_done_event)
    i.uart_event_handle                      0x0001d21c   Section        0  main.o(i.uart_event_handle)
    i.uart_event_handler                     0x0001d268   Section        0  app_uart_fifo.o(i.uart_event_handler)
    uart_event_handler                       0x0001d269   Thumb Code   166  app_uart_fifo.o(i.uart_event_handler)
    i.uart_irq_handler                       0x0001d318   Section        0  nrf_drv_uart.o(i.uart_irq_handler)
    uart_irq_handler                         0x0001d319   Thumb Code   278  nrf_drv_uart.o(i.uart_irq_handler)
    i.user_id_get                            0x0001d440   Section        0  app_timer.o(i.user_id_get)
    user_id_get                              0x0001d441   Thumb Code    76  app_timer.o(i.user_id_get)
    i.user_op_alloc                          0x0001d494   Section        0  app_timer.o(i.user_op_alloc)
    user_op_alloc                            0x0001d495   Thumb Code    38  app_timer.o(i.user_op_alloc)
    .constdata                               0x0001d4bc   Section       24  main.o(.constdata)
    m_blinky_timer_id                        0x0001d4bc   Data           4  main.o(.constdata)
    m_system_tick_timer_id                   0x0001d4c0   Data           4  main.o(.constdata)
    m_rtc_timer_id                           0x0001d4c4   Data           4  main.o(.constdata)
    .constdata                               0x0001d4d4   Section       32  app_uart_fifo.o(.constdata)
    .constdata                               0x0001d4f4   Section       32  nrf_drv_uart.o(.constdata)
    m_default_config                         0x0001d4f4   Data          32  nrf_drv_uart.o(.constdata)
    .constdata                               0x0001d514   Section       16  segger_rtt_printf.o(.constdata)
    _aV2C                                    0x0001d514   Data          16  segger_rtt_printf.o(.constdata)
    .data                                    0x20002080   Section        4  mx25l.o(.data)
    .data                                    0x20002084   Section       28  app_config_task.o(.data)
    flagCfgProcessInUse                      0x20002085   Data           1  app_config_task.o(.data)
    .data                                    0x200020a0   Section       16  sys_tick.o(.data)
    .data                                    0x200020b0   Section        1  system_config.o(.data)
    .data                                    0x200020b4   Section        8  app_uart_fifo.o(.data)
    tx_buffer                                0x200020b4   Data           1  app_uart_fifo.o(.data)
    rx_buffer                                0x200020b5   Data           1  app_uart_fifo.o(.data)
    m_event_handler                          0x200020b8   Data           4  app_uart_fifo.o(.data)
    .data                                    0x200020bc   Section       32  app_timer.o(.data)
    m_user_array_size                        0x200020bc   Data           1  app_timer.o(.data)
    m_ticks_elapsed_q_read_ind               0x200020bd   Data           1  app_timer.o(.data)
    m_ticks_elapsed_q_write_ind              0x200020be   Data           1  app_timer.o(.data)
    m_rtc1_running                           0x200020bf   Data           1  app_timer.o(.data)
    m_rtc1_reset                             0x200020c0   Data           1  app_timer.o(.data)
    mp_users                                 0x200020c4   Data           4  app_timer.o(.data)
    mp_timer_id_head                         0x200020c8   Data           4  app_timer.o(.data)
    m_ticks_latest                           0x200020cc   Data           4  app_timer.o(.data)
    m_evt_schedule_func                      0x200020d0   Data           4  app_timer.o(.data)
    m_ticks_elapsed                          0x200020d4   Data           8  app_timer.o(.data)
    .data                                    0x200020dc   Section       28  softdevice_handler.o(.data)
    m_softdevice_enabled                     0x200020dc   Data           1  softdevice_handler.o(.data)
    m_ble_evt_buffer_size                    0x200020de   Data           2  softdevice_handler.o(.data)
    m_evt_schedule_func                      0x200020e0   Data           4  softdevice_handler.o(.data)
    mp_ble_evt_buffer                        0x200020e4   Data           4  softdevice_handler.o(.data)
    m_ble_evt_handler                        0x200020e8   Data           4  softdevice_handler.o(.data)
    m_sys_evt_handler                        0x200020ec   Data           4  softdevice_handler.o(.data)
    .data                                    0x200020f8   Section        4  system_nrf51.o(.data)
    __tagsym$$used                           0x200020f8   Number         0  system_nrf51.o(.data)
    .bss                                     0x200020fc   Section       32  main.o(.bss)
    m_blinky_timer_id_data                   0x200020fc   Data          32  main.o(.bss)
    .bss                                     0x2000211c   Section       32  main.o(.bss)
    m_system_tick_timer_id_data              0x2000211c   Data          32  main.o(.bss)
    .bss                                     0x2000213c   Section       32  main.o(.bss)
    m_rtc_timer_id_data                      0x2000213c   Data          32  main.o(.bss)
    .bss                                     0x2000215c   Section     2532  main.o(.bss)
    APP_TIMER_BUF                            0x2000215c   Data         456  main.o(.bss)
    rx_buf                                   0x20002340   Data        1024  main.o(.bss)
    tx_buf                                   0x20002740   Data        1024  main.o(.bss)
    .bss                                     0x20002b40   Section     1052  app_config_task.o(.bss)
    .bss                                     0x20002f5c   Section       92  uart_config_task.o(.bss)
    .bss                                     0x20002fb8   Section       12  system_config.o(.bss)
    tMcuResetTimeout                         0x20002fb8   Data          12  system_config.o(.bss)
    .bss                                     0x20002fc4   Section       32  app_uart_fifo.o(.bss)
    m_rx_fifo                                0x20002fc4   Data          16  app_uart_fifo.o(.bss)
    m_tx_fifo                                0x20002fd4   Data          16  app_uart_fifo.o(.bss)
    .bss                                     0x20002fe4   Section       72  nrf_drv_gpiote.o(.bss)
    m_cb                                     0x20002fe4   Data          72  nrf_drv_gpiote.o(.bss)
    .bss                                     0x2000302c   Section       28  nrf_drv_uart.o(.bss)
    m_cb                                     0x2000302c   Data          28  nrf_drv_uart.o(.bss)
    .bss                                     0x20003048   Section     1160  segger_rtt.o(.bss)
    _acUpBuffer                              0x20003048   Data        1024  segger_rtt.o(.bss)
    _acDownBuffer                            0x20003448   Data          16  segger_rtt.o(.bss)
    STACK                                    0x200034d0   Section     2048  arm_startup_nrf51.o(STACK)

    Global Symbols

    Symbol Name                              Value     Ov Type        Size  Object(Section)

    BuildAttributes$$THM_ISAv3M$S$PE$A:L22$X:L11$S22$IEEE1$IW$USESV6$~STKCKD$USESV7$~SHL$OSPACE$EBA8$MICROLIB$REQ8$PRES8$EABIv2 0x00000000   Number         0  anon$$obj.o ABSOLUTE
    __ARM_use_no_argv                        0x00000000   Number         0  main.o ABSOLUTE
    __cpp_initialize__aeabi_                  - Undefined Weak Reference
    __cxa_finalize                            - Undefined Weak Reference
    __decompress                              - Undefined Weak Reference
    _clock_init                               - Undefined Weak Reference
    _microlib_exit                            - Undefined Weak Reference
    fs_data$$Base                             - Undefined Reference
    fs_data$$Limit                            - Undefined Reference
    __Vectors_Size                           0x000000c0   Number         0  arm_startup_nrf51.o ABSOLUTE
    __Vectors                                0x0001b000   Data           4  arm_startup_nrf51.o(RESET)
    __Vectors_End                            0x0001b0c0   Data           0  arm_startup_nrf51.o(RESET)
    __main                                   0x0001b0c1   Thumb Code     0  entry.o(.ARM.Collect$$$$00000000)
    _main_stk                                0x0001b0c1   Thumb Code     0  entry2.o(.ARM.Collect$$$$00000001)
    _main_scatterload                        0x0001b0c5   Thumb Code     0  entry5.o(.ARM.Collect$$$$00000004)
    __main_after_scatterload                 0x0001b0c9   Thumb Code     0  entry5.o(.ARM.Collect$$$$00000004)
    _main_clock                              0x0001b0c9   Thumb Code     0  entry7b.o(.ARM.Collect$$$$00000008)
    _main_cpp_init                           0x0001b0c9   Thumb Code     0  entry8b.o(.ARM.Collect$$$$0000000A)
    _main_init                               0x0001b0c9   Thumb Code     0  entry9a.o(.ARM.Collect$$$$0000000B)
    __rt_final_cpp                           0x0001b0d1   Thumb Code     0  entry10a.o(.ARM.Collect$$$$0000000D)
    __rt_final_exit                          0x0001b0d1   Thumb Code     0  entry11a.o(.ARM.Collect$$$$0000000F)
    __asm___11_app_timer_c_cd27f9c3__nrf_delay_us 0x0001b0d5   Thumb Code    30  app_timer.o(.emb_text)
    Reset_Handler                            0x0001b0f5   Thumb Code    26  arm_startup_nrf51.o(.text)
    NMI_Handler                              0x0001b10f   Thumb Code     2  arm_startup_nrf51.o(.text)
    HardFault_Handler                        0x0001b111   Thumb Code     2  arm_startup_nrf51.o(.text)
    SVC_Handler                              0x0001b113   Thumb Code     2  arm_startup_nrf51.o(.text)
    PendSV_Handler                           0x0001b115   Thumb Code     2  arm_startup_nrf51.o(.text)
    SysTick_Handler                          0x0001b117   Thumb Code     2  arm_startup_nrf51.o(.text)
    ADC_IRQHandler                           0x0001b119   Thumb Code     0  arm_startup_nrf51.o(.text)
    CCM_AAR_IRQHandler                       0x0001b119   Thumb Code     0  arm_startup_nrf51.o(.text)
    ECB_IRQHandler                           0x0001b119   Thumb Code     0  arm_startup_nrf51.o(.text)
    LPCOMP_IRQHandler                        0x0001b119   Thumb Code     0  arm_startup_nrf51.o(.text)
    POWER_CLOCK_IRQHandler                   0x0001b119   Thumb Code     0  arm_startup_nrf51.o(.text)
    QDEC_IRQHandler                          0x0001b119   Thumb Code     0  arm_startup_nrf51.o(.text)
    RADIO_IRQHandler                         0x0001b119   Thumb Code     0  arm_startup_nrf51.o(.text)
    RNG_IRQHandler                           0x0001b119   Thumb Code     0  arm_startup_nrf51.o(.text)
    RTC0_IRQHandler                          0x0001b119   Thumb Code     0  arm_startup_nrf51.o(.text)
    SPI0_TWI0_IRQHandler                     0x0001b119   Thumb Code     0  arm_startup_nrf51.o(.text)
    SPI1_TWI1_IRQHandler                     0x0001b119   Thumb Code     0  arm_startup_nrf51.o(.text)
    SWI1_IRQHandler                          0x0001b119   Thumb Code     0  arm_startup_nrf51.o(.text)
    SWI3_IRQHandler                          0x0001b119   Thumb Code     0  arm_startup_nrf51.o(.text)
    SWI4_IRQHandler                          0x0001b119   Thumb Code     0  arm_startup_nrf51.o(.text)
    SWI5_IRQHandler                          0x0001b119   Thumb Code     0  arm_startup_nrf51.o(.text)
    TEMP_IRQHandler                          0x0001b119   Thumb Code     0  arm_startup_nrf51.o(.text)
    TIMER0_IRQHandler                        0x0001b119   Thumb Code     0  arm_startup_nrf51.o(.text)
    TIMER1_IRQHandler                        0x0001b119   Thumb Code     0  arm_startup_nrf51.o(.text)
    TIMER2_IRQHandler                        0x0001b119   Thumb Code     0  arm_startup_nrf51.o(.text)
    WDT_IRQHandler                           0x0001b119   Thumb Code     0  arm_startup_nrf51.o(.text)
    __aeabi_uidiv                            0x0001b12d   Thumb Code     0  uidiv.o(.text)
    __aeabi_uidivmod                         0x0001b12d   Thumb Code    44  uidiv.o(.text)
    __aeabi_idiv                             0x0001b159   Thumb Code     0  idiv.o(.text)
    __aeabi_idivmod                          0x0001b159   Thumb Code    40  idiv.o(.text)
    __aeabi_memcpy                           0x0001b181   Thumb Code    36  memcpya.o(.text)
    __aeabi_memcpy4                          0x0001b181   Thumb Code     0  memcpya.o(.text)
    __aeabi_memcpy8                          0x0001b181   Thumb Code     0  memcpya.o(.text)
    strcpy                                   0x0001b1a5   Thumb Code    18  strcpy.o(.text)
    __scatterload                            0x0001b1b9   Thumb Code    28  init.o(.text)
    __scatterload_rt2                        0x0001b1b9   Thumb Code     0  init.o(.text)
    AppConfigTaskInit                        0x0001b1dd   Thumb Code    28  app_config_task.o(i.AppConfigTaskInit)
    CfgCalcCheckSum                          0x0001b1fd   Thumb Code    24  app_config_task.o(i.CfgCalcCheckSum)
    CfgParserPacket                          0x0001b215   Thumb Code   142  app_config_task.o(i.CfgParserPacket)
    CfgProcessData                           0x0001b2a5   Thumb Code  1044  app_config_task.o(i.CfgProcessData)
    CfgUARTSendData                          0x0001b6b9   Thumb Code    68  uart_config_task.o(i.CfgUARTSendData)
    CheckTimeout                             0x0001b6fd   Thumb Code    44  sys_tick.o(i.CheckTimeout)
    GPIOTE_IRQHandler                        0x0001b72d   Thumb Code   312  nrf_drv_gpiote.o(i.GPIOTE_IRQHandler)
    InitTimeout                              0x0001b881   Thumb Code    14  sys_tick.o(i.InitTimeout)
    MX25L_Init                               0x0001b895   Thumb Code    12  mx25l.o(i.MX25L_Init)
    RINGBUF_Get                              0x0001b901   Thumb Code    44  ringbuf.o(i.RINGBUF_Get)
    RINGBUF_Init                             0x0001b92d   Thumb Code    32  ringbuf.o(i.RINGBUF_Init)
    RTC1_IRQHandler                          0x0001b94d   Thumb Code    28  app_timer.o(i.RTC1_IRQHandler)
    ResetMcuSet                              0x0001b96d   Thumb Code     6  system_config.o(i.ResetMcuSet)
    ResetMcuTask                             0x0001b979   Thumb Code    52  system_config.o(i.ResetMcuTask)
    SEGGER_RTT_Write                         0x0001b9bd   Thumb Code    32  segger_rtt.o(i.SEGGER_RTT_Write)
    SEGGER_RTT_WriteNoLock                   0x0001b9e1   Thumb Code    86  segger_rtt.o(i.SEGGER_RTT_WriteNoLock)
    SEGGER_RTT_vprintf                       0x0001ba3d   Thumb Code   404  segger_rtt_printf.o(i.SEGGER_RTT_vprintf)
    SST25_Erase                              0x0001bbd1   Thumb Code    92  mx25l.o(i.SST25_Erase)
    SST25_Read                               0x0001bc2d   Thumb Code   104  mx25l.o(i.SST25_Read)
    SST25_Write                              0x0001bc99   Thumb Code    82  mx25l.o(i.SST25_Write)
    SWI0_IRQHandler                          0x0001bd59   Thumb Code     8  app_timer.o(i.SWI0_IRQHandler)
    SWI2_IRQHandler                          0x0001bd61   Thumb Code    28  softdevice_handler.o(i.SWI2_IRQHandler)
    SysTick_Task                             0x0001bd81   Thumb Code    44  sys_tick.o(i.SysTick_Task)
    SystemInit                               0x0001bdb5   Thumb Code   130  system_nrf51.o(i.SystemInit)
    UART0_IRQHandler                         0x0001be55   Thumb Code     8  nrf_drv_uart.o(i.UART0_IRQHandler)
    UartConfigTask                           0x0001be5d   Thumb Code    78  uart_config_task.o(i.UartConfigTask)
    UartConfigTaskInit                       0x0001beb9   Thumb Code    36  uart_config_task.o(i.UartConfigTaskInit)
    _SST25_Write                             0x0001c105   Thumb Code   112  mx25l.o(i._SST25_Write)
    __ARM_common_switch8                     0x0001c257   Thumb Code    26  app_config_task.o(i.__ARM_common_switch8)
    __scatterload_copy                       0x0001c271   Thumb Code    14  handlers.o(i.__scatterload_copy)
    __scatterload_null                       0x0001c27f   Thumb Code     2  handlers.o(i.__scatterload_null)
    __scatterload_zeroinit                   0x0001c281   Thumb Code    14  handlers.o(i.__scatterload_zeroinit)
    app_error_fault_handler                  0x0001c291   Thumb Code    18  app_error_weak.o(i.app_error_fault_handler)
    app_error_handler_bare                   0x0001c2ad   Thumb Code    20  app_error.o(i.app_error_handler_bare)
    app_fifo_get                             0x0001c2c5   Thumb Code    22  app_fifo.o(i.app_fifo_get)
    app_fifo_init                            0x0001c2db   Thumb Code    36  app_fifo.o(i.app_fifo_init)
    app_fifo_put                             0x0001c2ff   Thumb Code    26  app_fifo.o(i.app_fifo_put)
    app_timer_create                         0x0001c319   Thumb Code    40  app_timer.o(i.app_timer_create)
    app_timer_init                           0x0001c345   Thumb Code   126  app_timer.o(i.app_timer_init)
    app_timer_start                          0x0001c3d5   Thumb Code   114  app_timer.o(i.app_timer_start)
    app_uart_get                             0x0001c451   Thumb Code    44  app_uart_fifo.o(i.app_uart_get)
    app_uart_init                            0x0001c485   Thumb Code   144  app_uart_fifo.o(i.app_uart_init)
    app_uart_put                             0x0001c525   Thumb Code    48  app_uart_fifo.o(i.app_uart_put)
    halSpiWriteByte                          0x0001c689   Thumb Code    88  nrf_spi.o(i.halSpiWriteByte)
    intern_softdevice_events_execute         0x0001c6f1   Thumb Code   116  softdevice_handler.o(i.intern_softdevice_events_execute)
    log_rtt_printf                           0x0001c941   Thumb Code    24  nrf_log.o(i.log_rtt_printf)
    main                                     0x0001c959   Thumb Code   148  main.o(i.main)
    nrf_drv_common_irq_enable                0x0001ca01   Thumb Code    78  nrf_drv_common.o(i.nrf_drv_common_irq_enable)
    nrf_drv_uart_init                        0x0001ca61   Thumb Code   170  nrf_drv_uart.o(i.nrf_drv_uart_init)
    nrf_drv_uart_rx                          0x0001cb29   Thumb Code    66  nrf_drv_uart.o(i.nrf_drv_uart_rx)
    nrf_drv_uart_rx_enable                   0x0001cb75   Thumb Code    20  nrf_drv_uart.o(i.nrf_drv_uart_rx_enable)
    nrf_drv_uart_tx                          0x0001cc29   Thumb Code    32  nrf_drv_uart.o(i.nrf_drv_uart_tx)
    nrf_drv_uart_tx_in_progress              0x0001ccc1   Thumb Code    12  nrf_drv_uart.o(i.nrf_drv_uart_tx_in_progress)
    nrf_drv_uart_uninit                      0x0001ccd1   Thumb Code    88  nrf_drv_uart.o(i.nrf_drv_uart_uninit)
    spiInit                                  0x0001cf4d   Thumb Code   158  nrf_spi.o(i.spiInit)
    uart_event_handle                        0x0001d21d   Thumb Code    62  main.o(i.uart_event_handle)
    Region$$Table$$Base                      0x0001d524   Number         0  anon$$obj.o(Region$$Table)
    Region$$Table$$Limit                     0x0001d544   Number         0  anon$$obj.o(Region$$Table)
    Image$$RW_IRAM1$$Base                    0x20002080   Number         0  anon$$obj.o ABSOLUTE
    countErrTemp                             0x20002080   Data           4  mx25l.o(.data)
    logSource                                0x20002084   Data           1  app_config_task.o(.data)
    firmwareSaveFileOffsetCnt                0x20002088   Data           4  app_config_task.o(.data)
    firmwareStatus                           0x2000208c   Data           4  app_config_task.o(.data)
    firmwareFileCrc                          0x20002090   Data           4  app_config_task.o(.data)
    firmwareFileSize                         0x20002094   Data           4  app_config_task.o(.data)
    firmwareFileOffSet                       0x20002098   Data           4  app_config_task.o(.data)
    firmwareFileOffSetOld                    0x2000209c   Data           4  app_config_task.o(.data)
    sysTickTimeSec                           0x200020a0   Data           4  sys_tick.o(.data)
    sysTickCounter32                         0x200020a4   Data           4  sys_tick.o(.data)
    sysTickCounter64                         0x200020a8   Data           8  sys_tick.o(.data)
    sysResetMcuFlag                          0x200020b0   Data           1  system_config.o(.data)
    nrf_nvic_state                           0x200020f0   Data           8  softdevice_handler.o(.data)
    SystemCoreClock                          0x200020f8   Data           4  system_nrf51.o(.data)
    uart_buffers                             0x20002324   Data          16  main.o(.bss)
    h_comm_params                            0x20002334   Data          12  main.o(.bss)
    tFirmwareTryToUpdate                     0x20002b40   Data          12  app_config_task.o(.bss)
    configTaskBuf                            0x20002b4c   Data        1024  app_config_task.o(.bss)
    configTaskRingBuf                        0x20002f4c   Data          16  app_config_task.o(.bss)
    UART_ProtoRecv                           0x20002f5c   Data          16  uart_config_task.o(.bss)
    UART_ProtoSend                           0x20002f6c   Data          16  uart_config_task.o(.bss)
    UART_DataBuff                            0x20002f7c   Data          36  uart_config_task.o(.bss)
    UART_parserPacket                        0x20002fa0   Data          10  uart_config_task.o(.bss)
    checkUart                                0x20002fac   Data          12  uart_config_task.o(.bss)
    _SEGGER_RTT                              0x20003458   Data         120  segger_rtt.o(.bss)
    __initial_sp                             0x20003cd0   Data           0  arm_startup_nrf51.o(STACK)



==============================================================================

Memory Map of the image

  Image Entry point : 0x0001b0c1

  Load Region LR_IROM1 (Base: 0x0001b000, Size: 0x000025c0, Max: 0x00025000, ABSOLUTE)

    Execution Region ER_IROM1 (Base: 0x0001b000, Size: 0x00002544, Max: 0x00025000, ABSOLUTE)

    Base Addr    Size         Type   Attr      Idx    E Section Name        Object

    0x0001b000   0x000000c0   Data   RO         2862    RESET               arm_startup_nrf51.o
    0x0001b0c0   0x00000000   Code   RO         2904  * .ARM.Collect$$$$00000000  mc_p.l(entry.o)
    0x0001b0c0   0x00000004   Code   RO         2928    .ARM.Collect$$$$00000001  mc_p.l(entry2.o)
    0x0001b0c4   0x00000004   Code   RO         2931    .ARM.Collect$$$$00000004  mc_p.l(entry5.o)
    0x0001b0c8   0x00000000   Code   RO         2933    .ARM.Collect$$$$00000008  mc_p.l(entry7b.o)
    0x0001b0c8   0x00000000   Code   RO         2935    .ARM.Collect$$$$0000000A  mc_p.l(entry8b.o)
    0x0001b0c8   0x00000008   Code   RO         2936    .ARM.Collect$$$$0000000B  mc_p.l(entry9a.o)
    0x0001b0d0   0x00000000   Code   RO         2938    .ARM.Collect$$$$0000000D  mc_p.l(entry10a.o)
    0x0001b0d0   0x00000000   Code   RO         2940    .ARM.Collect$$$$0000000F  mc_p.l(entry11a.o)
    0x0001b0d0   0x00000004   Code   RO         2929    .ARM.Collect$$$$00002712  mc_p.l(entry2.o)
    0x0001b0d4   0x0000001e   Code   RO         2073    .emb_text           app_timer.o
    0x0001b0f2   0x00000002   PAD
    0x0001b0f4   0x00000038   Code   RO         2863    .text               arm_startup_nrf51.o
    0x0001b12c   0x0000002c   Code   RO         2912    .text               mc_p.l(uidiv.o)
    0x0001b158   0x00000028   Code   RO         2914    .text               mc_p.l(idiv.o)
    0x0001b180   0x00000024   Code   RO         2916    .text               mc_p.l(memcpya.o)
    0x0001b1a4   0x00000012   Code   RO         2924    .text               mc_p.l(strcpy.o)
    0x0001b1b6   0x00000002   PAD
    0x0001b1b8   0x00000024   Code   RO         2944    .text               mc_p.l(init.o)
    0x0001b1dc   0x00000020   Code   RO          431    i.AppConfigTaskInit  app_config_task.o
    0x0001b1fc   0x00000018   Code   RO          432    i.CfgCalcCheckSum   app_config_task.o
    0x0001b214   0x0000008e   Code   RO          433    i.CfgParserPacket   app_config_task.o
    0x0001b2a2   0x00000002   PAD
    0x0001b2a4   0x00000414   Code   RO          434    i.CfgProcessData    app_config_task.o
    0x0001b6b8   0x00000044   Code   RO          602    i.CfgUARTSendData   uart_config_task.o
    0x0001b6fc   0x00000030   Code   RO          533    i.CheckTimeout      sys_tick.o
    0x0001b72c   0x00000154   Code   RO         1334    i.GPIOTE_IRQHandler  nrf_drv_gpiote.o
    0x0001b880   0x00000014   Code   RO          534    i.InitTimeout       sys_tick.o
    0x0001b894   0x0000000c   Code   RO          289    i.MX25L_Init        mx25l.o
    0x0001b8a0   0x00000044   Code   RO         2074    i.NVIC_SetPriority  app_timer.o
    0x0001b8e4   0x0000001c   Code   RO          654    i.NVIC_SystemReset  system_config.o
    0x0001b900   0x0000002c   Code   RO          500    i.RINGBUF_Get       ringbuf.o
    0x0001b92c   0x00000020   Code   RO          502    i.RINGBUF_Init      ringbuf.o
    0x0001b94c   0x00000020   Code   RO         2075    i.RTC1_IRQHandler   app_timer.o
    0x0001b96c   0x0000000c   Code   RO          655    i.ResetMcuSet       system_config.o
    0x0001b978   0x00000044   Code   RO          656    i.ResetMcuTask      system_config.o
    0x0001b9bc   0x00000024   Code   RO         2592    i.SEGGER_RTT_Write  segger_rtt.o
    0x0001b9e0   0x0000005c   Code   RO         2593    i.SEGGER_RTT_WriteNoLock  segger_rtt.o
    0x0001ba3c   0x00000194   Code   RO         2718    i.SEGGER_RTT_vprintf  segger_rtt_printf.o
    0x0001bbd0   0x0000005c   Code   RO          291    i.SST25_Erase       mx25l.o
    0x0001bc2c   0x0000006c   Code   RO          292    i.SST25_Read        mx25l.o
    0x0001bc98   0x00000052   Code   RO          293    i.SST25_Write       mx25l.o
    0x0001bcea   0x00000024   Code   RO          294    i.SST25__Status     mx25l.o
    0x0001bd0e   0x00000002   PAD
    0x0001bd10   0x00000048   Code   RO          295    i.SST25__WriteEnable  mx25l.o
    0x0001bd58   0x00000008   Code   RO         2076    i.SWI0_IRQHandler   app_timer.o
    0x0001bd60   0x00000020   Code   RO         2753    i.SWI2_IRQHandler   softdevice_handler.o
    0x0001bd80   0x00000034   Code   RO          540    i.SysTick_Task      sys_tick.o
    0x0001bdb4   0x000000a0   Code   RO         2870    i.SystemInit        system_nrf51.o
    0x0001be54   0x00000008   Code   RO         1524    i.UART0_IRQHandler  nrf_drv_uart.o
    0x0001be5c   0x0000005c   Code   RO          603    i.UartConfigTask    uart_config_task.o
    0x0001beb8   0x00000028   Code   RO          604    i.UartConfigTaskInit  uart_config_task.o
    0x0001bee0   0x0000006c   Code   RO         2596    i._DoInit           segger_rtt.o
    0x0001bf4c   0x00000016   Code   RO         2597    i._GetAvailWriteSpace  segger_rtt.o
    0x0001bf62   0x000000c8   Code   RO         2719    i._PrintInt         segger_rtt_printf.o
    0x0001c02a   0x00000002   PAD
    0x0001c02c   0x000000d8   Code   RO         2720    i._PrintUnsigned    segger_rtt_printf.o
    0x0001c104   0x00000078   Code   RO          296    i._SST25_Write      mx25l.o
    0x0001c17c   0x0000003e   Code   RO         2721    i._StoreChar        segger_rtt_printf.o
    0x0001c1ba   0x00000060   Code   RO         2599    i._WriteBlocking    segger_rtt.o
    0x0001c21a   0x0000003c   Code   RO         2600    i._WriteNoCheck     segger_rtt.o
    0x0001c256   0x0000001a   Code   RO          474    i.__ARM_common_switch8  app_config_task.o
    0x0001c270   0x0000000e   Code   RO         2948    i.__scatterload_copy  mc_p.l(handlers.o)
    0x0001c27e   0x00000002   Code   RO         2949    i.__scatterload_null  mc_p.l(handlers.o)
    0x0001c280   0x0000000e   Code   RO         2950    i.__scatterload_zeroinit  mc_p.l(handlers.o)
    0x0001c28e   0x00000002   PAD
    0x0001c290   0x0000001c   Code   RO         1987    i.app_error_fault_handler  app_error_weak.o
    0x0001c2ac   0x00000018   Code   RO         2458    i.app_error_handler_bare  app_error.o
    0x0001c2c4   0x00000016   Code   RO         2008    i.app_fifo_get      app_fifo.o
    0x0001c2da   0x00000024   Code   RO         2009    i.app_fifo_init     app_fifo.o
    0x0001c2fe   0x0000001a   Code   RO         2011    i.app_fifo_put      app_fifo.o
    0x0001c318   0x0000002c   Code   RO         2079    i.app_timer_create  app_timer.o
    0x0001c344   0x00000090   Code   RO         2080    i.app_timer_init    app_timer.o
    0x0001c3d4   0x0000007c   Code   RO         2081    i.app_timer_start   app_timer.o
    0x0001c450   0x00000034   Code   RO         1211    i.app_uart_get      app_uart_fifo.o
    0x0001c484   0x000000a0   Code   RO         1212    i.app_uart_init     app_uart_fifo.o
    0x0001c524   0x00000038   Code   RO         1213    i.app_uart_put      app_uart_fifo.o
    0x0001c55c   0x0000000a   Code   RO            4    i.blinky_timeout_handler  main.o
    0x0001c566   0x00000002   PAD
    0x0001c568   0x00000010   Code   RO         1337    i.channel_port_get  nrf_drv_gpiote.o
    0x0001c578   0x000000a8   Code   RO         2084    i.compare_reg_update  app_timer.o
    0x0001c620   0x00000040   Code   RO         2085    i.elapsed_ticks_acquire  app_timer.o
    0x0001c660   0x00000014   Code   RO         2014    i.fifo_get          app_fifo.o
    0x0001c674   0x00000012   Code   RO         2015    i.fifo_put          app_fifo.o
    0x0001c686   0x00000002   PAD
    0x0001c688   0x00000068   Code   RO          376    i.halSpiWriteByte   nrf_spi.o
    0x0001c6f0   0x00000078   Code   RO         2754    i.intern_softdevice_events_execute  softdevice_handler.o
    0x0001c768   0x00000048   Code   RO         2871    i.is_manual_peripheral_setup_needed  system_nrf51.o
    0x0001c7b0   0x000000bc   Code   RO         2086    i.list_deletions_handler  app_timer.o
    0x0001c86c   0x000000d4   Code   RO         2087    i.list_insertions_handler  app_timer.o
    0x0001c940   0x00000018   Code   RO         2372    i.log_rtt_printf    nrf_log.o
    0x0001c958   0x000000a8   Code   RO            5    i.main              main.o
    0x0001ca00   0x00000060   Code   RO         1301    i.nrf_drv_common_irq_enable  nrf_drv_common.o
    0x0001ca60   0x000000c8   Code   RO         1526    i.nrf_drv_uart_init  nrf_drv_uart.o
    0x0001cb28   0x0000004c   Code   RO         1527    i.nrf_drv_uart_rx   nrf_drv_uart.o
    0x0001cb74   0x00000018   Code   RO         1530    i.nrf_drv_uart_rx_enable  nrf_drv_uart.o
    0x0001cb8c   0x0000009c   Code   RO         1531    i.nrf_drv_uart_rx_for_uart  nrf_drv_uart.o
    0x0001cc28   0x00000024   Code   RO         1532    i.nrf_drv_uart_tx   nrf_drv_uart.o
    0x0001cc4c   0x00000074   Code   RO         1534    i.nrf_drv_uart_tx_for_uart  nrf_drv_uart.o
    0x0001ccc0   0x00000010   Code   RO         1535    i.nrf_drv_uart_tx_in_progress  nrf_drv_uart.o
    0x0001ccd0   0x0000006c   Code   RO         1536    i.nrf_drv_uart_uninit  nrf_drv_uart.o
    0x0001cd3c   0x00000024   Code   RO          377    i.nrf_gpio_cfg      nrf_spi.o
    0x0001cd60   0x00000024   Code   RO         1537    i.nrf_gpio_cfg      nrf_drv_uart.o
    0x0001cd84   0x00000012   Code   RO         1538    i.nrf_gpio_cfg_default  nrf_drv_uart.o
    0x0001cd96   0x00000012   Code   RO          378    i.nrf_gpio_cfg_input  nrf_spi.o
    0x0001cda8   0x00000012   Code   RO         1539    i.nrf_gpio_cfg_input  nrf_drv_uart.o
    0x0001cdba   0x00000002   PAD
    0x0001cdbc   0x00000010   Code   RO            6    i.nrf_gpio_cfg_output  main.o
    0x0001cdcc   0x00000014   Code   RO          379    i.nrf_gpio_cfg_output  nrf_spi.o
    0x0001cde0   0x00000014   Code   RO         1540    i.nrf_gpio_cfg_output  nrf_drv_uart.o
    0x0001cdf4   0x00000020   Code   RO         1359    i.nrf_gpio_cfg_sense_set  nrf_drv_gpiote.o
    0x0001ce14   0x00000010   Code   RO          297    i.nrf_gpio_pin_clear  mx25l.o
    0x0001ce24   0x00000010   Code   RO          298    i.nrf_gpio_pin_set  mx25l.o
    0x0001ce34   0x00000010   Code   RO          380    i.nrf_gpio_pin_set  nrf_spi.o
    0x0001ce44   0x00000018   Code   RO            7    i.nrf_gpio_pin_toggle  main.o
    0x0001ce5c   0x00000014   Code   RO         1360    i.nrf_gpiote_event_is_set  nrf_drv_gpiote.o
    0x0001ce70   0x0000000a   Code   RO         1541    i.nrf_uart_event_check  nrf_drv_uart.o
    0x0001ce7a   0x00000010   Code   RO         1542    i.nrf_uart_int_enable_check  nrf_drv_uart.o
    0x0001ce8a   0x00000002   PAD
    0x0001ce8c   0x00000044   Code   RO         2088    i.rtc1_stop         app_timer.o
    0x0001ced0   0x0000000a   Code   RO            8    i.rtc_timeout_handler  main.o
    0x0001ceda   0x00000002   PAD
    0x0001cedc   0x00000038   Code   RO         1543    i.rx_byte           nrf_drv_uart.o
    0x0001cf14   0x0000001c   Code   RO         1544    i.rx_done_event     nrf_drv_uart.o
    0x0001cf30   0x0000001c   Code   RO         1545    i.rx_enable         nrf_drv_uart.o
    0x0001cf4c   0x000000b8   Code   RO          382    i.spiInit           nrf_spi.o
    0x0001d004   0x00000010   Code   RO            9    i.system_tick_timeout_handler  main.o
    0x0001d014   0x00000084   Code   RO         2089    i.timer_list_handler  app_timer.o
    0x0001d098   0x00000010   Code   RO         2090    i.timer_list_handler_sched  app_timer.o
    0x0001d0a8   0x00000040   Code   RO         2091    i.timer_list_insert  app_timer.o
    0x0001d0e8   0x00000080   Code   RO         2092    i.timer_timeouts_check  app_timer.o
    0x0001d168   0x00000068   Code   RO           10    i.timers_init       main.o
    0x0001d1d0   0x0000002c   Code   RO         1546    i.tx_byte           nrf_drv_uart.o
    0x0001d1fc   0x00000020   Code   RO         1547    i.tx_done_event     nrf_drv_uart.o
    0x0001d21c   0x0000004c   Code   RO           11    i.uart_event_handle  main.o
    0x0001d268   0x000000b0   Code   RO         1214    i.uart_event_handler  app_uart_fifo.o
    0x0001d318   0x00000128   Code   RO         1548    i.uart_irq_handler  nrf_drv_uart.o
    0x0001d440   0x00000054   Code   RO         2093    i.user_id_get       app_timer.o
    0x0001d494   0x00000026   Code   RO         2094    i.user_op_alloc     app_timer.o
    0x0001d4ba   0x00000002   PAD
    0x0001d4bc   0x00000018   Data   RO           16    .constdata          main.o
    0x0001d4d4   0x00000020   Data   RO         1216    .constdata          app_uart_fifo.o
    0x0001d4f4   0x00000020   Data   RO         1550    .constdata          nrf_drv_uart.o
    0x0001d514   0x00000010   Data   RO         2722    .constdata          segger_rtt_printf.o
    0x0001d524   0x00000020   Data   RO         2946    Region$$Table       anon$$obj.o


    Execution Region RW_IRAM1 (Base: 0x20002080, Size: 0x00001c50, Max: 0x00005f80, ABSOLUTE)

    Base Addr    Size         Type   Attr      Idx    E Section Name        Object

    0x20002080   0x00000004   Data   RW          299    .data               mx25l.o
    0x20002084   0x0000001c   Data   RW          438    .data               app_config_task.o
    0x200020a0   0x00000010   Data   RW          542    .data               sys_tick.o
    0x200020b0   0x00000001   Data   RW          658    .data               system_config.o
    0x200020b1   0x00000003   PAD
    0x200020b4   0x00000008   Data   RW         1217    .data               app_uart_fifo.o
    0x200020bc   0x00000020   Data   RW         2095    .data               app_timer.o
    0x200020dc   0x0000001c   Data   RW         2766    .data               softdevice_handler.o
    0x200020f8   0x00000004   Data   RW         2872    .data               system_nrf51.o
    0x200020fc   0x00000020   Zero   RW           12    .bss                main.o
    0x2000211c   0x00000020   Zero   RW           13    .bss                main.o
    0x2000213c   0x00000020   Zero   RW           14    .bss                main.o
    0x2000215c   0x000009e4   Zero   RW           15    .bss                main.o
    0x20002b40   0x0000041c   Zero   RW          436    .bss                app_config_task.o
    0x20002f5c   0x0000005c   Zero   RW          605    .bss                uart_config_task.o
    0x20002fb8   0x0000000c   Zero   RW          657    .bss                system_config.o
    0x20002fc4   0x00000020   Zero   RW         1215    .bss                app_uart_fifo.o
    0x20002fe4   0x00000048   Zero   RW         1363    .bss                nrf_drv_gpiote.o
    0x2000302c   0x0000001c   Zero   RW         1549    .bss                nrf_drv_uart.o
    0x20003048   0x00000488   Zero   RW         2601    .bss                segger_rtt.o
    0x200034d0   0x00000800   Zero   RW         2860    STACK               arm_startup_nrf51.o


==============================================================================

Image component sizes


      Code (inc. data)   RO Data    RW Data    ZI Data      Debug   Object Name

      1268         62          0         28       1052       6820   app_config_task.o
        24          4          0          0          0       2201   app_error.o
        28         10          0          0          0        690   app_error_weak.o
       122          0          0          0          0       4202   app_fifo.o
      1612        144          0         32          0      29390   app_timer.o
       444         42         32          8         32      10198   app_uart_fifo.o
        56         18        192          0       2048        700   arm_startup_nrf51.o
         0          0          0          0          0       1808   bsp.o
         0          0          0          0          0      32356   bsp_btn_ble.o
       424         64         24          0       2628      43053   main.o
       554         30          0          4          0       9776   mx25l.o
        96         18          0          0          0       8600   nrf_drv_common.o
       408         46          0          0         72      13836   nrf_drv_gpiote.o
      1342        160         32          0         28      34336   nrf_drv_uart.o
        24          0          0          0          0       1281   nrf_log.o
       378         52          0          0          0       6616   nrf_spi.o
         0          0          0          0          0       3312   pstorage.o
        76          0          0          0          0       1597   ringbuf.o
       414         44          0          0       1160       8580   segger_rtt.o
       882          6         16          0          0       5949   segger_rtt_printf.o
       152          8          0         28          0      10622   softdevice_handler.o
       120         18          0         16          0       2689   sys_tick.o
       108         40          0          1         12       8223   system_config.o
       232         36          0          4          0       2311   system_nrf51.o
       200         18          0          0         92       7608   uart_config_task.o

    ----------------------------------------------------------------------
      8984        820        328        124       7124     256754   Object Totals
         0          0         32          0          0          0   (incl. Generated)
        20          0          0          3          0          0   (incl. Padding)

    ----------------------------------------------------------------------

      Code (inc. data)   RO Data    RW Data    ZI Data      Debug   Library Member Name

         0          0          0          0          0          0   entry.o
         0          0          0          0          0          0   entry10a.o
         0          0          0          0          0          0   entry11a.o
         8          4          0          0          0          0   entry2.o
         4          0          0          0          0          0   entry5.o
         0          0          0          0          0          0   entry7b.o
         0          0          0          0          0          0   entry8b.o
         8          4          0          0          0          0   entry9a.o
        30          0          0          0          0          0   handlers.o
        40          0          0          0          0         72   idiv.o
        36          8          0          0          0         68   init.o
        36          0          0          0          0         60   memcpya.o
        18          0          0          0          0         60   strcpy.o
        44          0          0          0          0         72   uidiv.o

    ----------------------------------------------------------------------
       228         16          0          0          0        332   Library Totals
         4          0          0          0          0          0   (incl. Padding)

    ----------------------------------------------------------------------

      Code (inc. data)   RO Data    RW Data    ZI Data      Debug   Library Name

       224         16          0          0          0        332   mc_p.l

    ----------------------------------------------------------------------
       228         16          0          0          0        332   Library Totals

    ----------------------------------------------------------------------

==============================================================================


      Code (inc. data)   RO Data    RW Data    ZI Data      Debug   

      9212        836        328        124       7124     252478   Grand Totals
      9212        836        328        124       7124     252478   ELF Image Totals
      9212        836        328        124          0          0   ROM Totals

==============================================================================

    Total RO  Size (Code + RO Data)                 9540 (   9.32kB)
    Total RW  Size (RW Data + ZI Data)              7248 (   7.08kB)
    Total ROM Size (Code + RO Data + RW Data)       9664 (   9.44kB)

==============================================================================

